[2026-07-09T16:37:05.205287+00:00] ecommerce.INFO: uspesno ste se prijavili {"ime":null,"prezime":null,"email":"mitarrebic18@gmail.com"} []
[2026-07-09T16:39:11.763396+00:00] ecommerce.INFO: uspesno ste se prijavili {"ime":null,"prezime":null,"email":"mitarrebic18@gmail.com"} []
[2026-07-09T16:39:51.037311+00:00] ecommerce.INFO: uspesno ste se prijavili {"ime":null,"prezime":null,"email":"mitarrebic18@gmail.com"} []
[2026-07-09T16:40:34.758043+00:00] ecommerce.INFO: uspesno ste se prijavili {"ime":null,"prezime":null,"email":"mitarrebic18@gmail.com"} []
[2026-07-09T16:41:41.570178+00:00] ecommerce.INFO: uspesno ste se prijavili {"ime":null,"prezime":null,"email":"mitarrebic18@gmail.com"} []
[2026-07-09T16:42:25.337693+00:00] ecommerce.INFO: uspesno ste se prijavili {"ime":null,"prezime":null,"email":"mitarrebic18@gmail.com"} []
[2026-07-09T16:43:46.774738+00:00] ecommerce.INFO: uspesno ste se prijavili {"ime":null,"prezime":null,"email":"mitarrebic18@gmail.com"} []
[2026-07-09T16:44:15.420421+00:00] ecommerce.INFO: uspesno ste se prijavili {"ime":"mitar","prezime":null,"email":null} []
[2026-07-09T16:49:24.467860+00:00] ecommerce.INFO: uspesno ste se prijavili {"ime":"mitar","prezime":null,"email":null} []
[2026-07-09T16:49:58.766759+00:00] ecommerce.INFO: uspesno ste se prijavili {"ime":"mitar","prezime":null,"email":null,"ip":"::1"} []
[2026-07-09T16:50:26.949087+00:00] ecommerce.INFO: uspesno ste se prijavili {"ime":"mitar","prezime":null,"email":null,"ip":"::1"} []
[2026-07-09T16:50:57.591518+00:00] ecommerce.INFO: Uspešna prijava {"email":"mitarrebic18@gmail.com","ip":"::1"} []
[2026-07-09T23:08:00.321433+00:00] ecommerce.INFO: Uspešna prijava {"email":"mitarrebic18@gmail.com","ip":"::1"} []
[2026-07-09T23:16:04.520338+00:00] ecommerce.INFO: Uspešna prijava {"email":"mitarrebic18@gmail.com","ip":"::1"} []
[2026-07-09T23:33:29.286677+00:00] ecommerce.INFO: Uspešna prijava {"email":"mitarrebic18@gmail.com","ip":"::1"} []
[2026-07-09T23:54:19.276424+00:00] ecommerce.INFO: Uspešna prijava {"email":"mitarrebic18@gmail.com","ip":"::1"} []
[2026-07-09T23:54:37.536175+00:00] ecommerce.INFO: Uspešna prijava {"email":"mitarrebic18@gmail.com","ip":"::1"} []
[2026-07-09T23:54:46.121474+00:00] ecommerce.INFO: Uspešna prijava {"email":"mitarrebic18@gmail.com","ip":"::1"} []
[2026-07-09T23:55:13.865304+00:00] ecommerce.INFO: Uspešna prijava {"email":"mitarrebic18@gmail.com","ip":"::1"} []
[2026-07-09T23:55:28.401145+00:00] ecommerce.INFO: Uspešna prijava {"email":"mitarrebic18@gmail.com","ip":"::1"} []
[2026-07-09T23:57:37.738923+00:00] ecommerce.INFO: Uspešna prijava {"email":"mitarrebic18@gmail.com","ip":"::1"} []
[2026-07-09T23:58:08.887135+00:00] ecommerce.INFO: Uspešna prijava {"email":"mitarrebic18@gmail.com","ip":"::1"} []
[2026-07-10T17:22:28.632720+00:00] ecommerce.INFO: Uspešna prijava {"email":"mitarrebic18@gmail.com","ip":"::1"} []
[2026-07-10T17:51:28.113916+00:00] ecommerce.INFO: Uspešna prijava {"email":"mitarrebic18@gmail.com","ip":"::1"} []
[2026-07-10T20:10:12.328385+00:00] ecommerce.INFO: Uspešna prijava {"email":"mitarrebic18@gmail.com","ip":"::1"} []
[2026-07-10T20:11:29.585889+00:00] ecommerce.INFO: Uspešna prijava {"email":"adminmitar@ecommerce.rs","ip":"::1"} []
[2026-07-10T20:17:31.641250+00:00] ecommerce.INFO: Uspešna prijava {"email":"mitarrebic18@gmail.com","ip":"::1"} []
[2026-07-10T20:23:47.882286+00:00] ecommerce.INFO: Uspešna prijava {"email":"mitarrebic18@gmail.com","ip":"::1"} []
[2026-07-10T20:25:28.433672+00:00] ecommerce.INFO: Uspešna prijava {"email":"mitarrebic18@gmail.com","ip":"::1"} []
[2026-07-10T20:25:31.919365+00:00] ecommerce.INFO: Uspešna prijava {"email":"mitarrebic18@gmail.com","ip":"::1"} []
[2026-07-10T20:27:30.633493+00:00] ecommerce.INFO: Uspešna prijava {"email":"mitarrebic18@gmail.com","ip":"::1"} []
[2026-07-10T20:28:12.436195+00:00] ecommerce.INFO: Uspešna prijava {"email":"mitarrebic18@gmail.com","ip":"::1"} []
[2026-07-10T20:29:22.883026+00:00] ecommerce.INFO: Uspešna prijava {"email":"adminmitar@ecommerce.rs","ip":"::1"} []
[2026-07-10T20:30:43.503575+00:00] ecommerce.INFO: Uspešna prijava {"email":"adminmitar@ecommerce.rs","ip":"::1"} []
[2026-07-10T20:34:49.900287+00:00] ecommerce.INFO: Uspešna prijava {"email":"mitarrebic18@gmail.com","ip":"::1"} []
[2026-07-10T20:35:47.999845+00:00] ecommerce.INFO: Uspešna prijava {"email":"adminmitar@ecommerce.rs","ip":"::1"} []
[2026-07-10T22:30:21.742597+00:00] ecommerce.INFO: Uspešna prijava {"email":"mitarrebic18@gmail.com","ip":"::1"} []
[2026-07-10T22:33:34.948106+00:00] ecommerce.INFO: Uspešna prijava {"email":"admin123@gmail.com","ip":"::1"} []
[2026-07-10T22:34:48.485499+00:00] ecommerce.INFO: Uspešna prijava {"email":"admin123@gmail.com","ip":"::1"} []
[2026-07-10T22:39:36.168709+00:00] ecommerce.INFO: Uspešna prijava {"email":"admin123@gmail.com","ip":"::1"} []
[2026-07-10T22:53:05.648657+00:00] ecommerce.INFO: Uspešna prijava {"email":"mitarrebic18@gmail.com","ip":"::1"} []
[2026-07-10T22:54:45.277239+00:00] ecommerce.INFO: Uspešna prijava {"email":"admin123@gmail.com","ip":"::1"} []
[2026-07-10T22:58:34.546409+00:00] ecommerce.INFO: Uspešna prijava {"email":"mitarrebic18@gmail.com","ip":"::1"} []
[2026-07-10T22:59:32.012650+00:00] ecommerce.INFO: Uspešna prijava {"email":"admin123@gmail.com","ip":"::1"} []
[2026-07-10T23:02:34.646137+00:00] ecommerce.INFO: Uspešna prijava {"email":"admin123@gmail.com","ip":"::1"} []
[2026-07-10T23:05:18.627765+00:00] ecommerce.INFO: Uspešna prijava {"email":"mitarrebic18@gmail.com","ip":"::1"} []
[2026-07-10T23:07:58.050088+00:00] ecommerce.INFO: Uspešna prijava {"email":"mitarrebic18@gmail.com","ip":"::1"} []
[2026-07-10T23:08:20.389313+00:00] ecommerce.INFO: Uspešna prijava {"email":"admin123@gmail.com","ip":"::1"} []
[2026-07-10T23:10:40.207130+00:00] ecommerce.INFO: Uspešna prijava {"email":"admin123@gmail.com","ip":"::1"} []
[2026-07-10T23:16:13.463335+00:00] ecommerce.INFO: Uspešna prijava {"email":"admin123@gmail.com","ip":"::1"} []
[2026-07-10T23:21:11.985295+00:00] ecommerce.INFO: Uspešna prijava {"email":"admin123@gmail.com","ip":"::1"} []
[2026-07-10T23:27:00.622705+00:00] ecommerce.INFO: Uspešna prijava {"email":"admin123@gmail.com","ip":"::1"} []
[2026-07-10T23:27:08.850363+00:00] ecommerce.INFO: Uspešna prijava {"email":"admin123@gmail.com","ip":"::1"} []
[2026-07-10T23:30:12.829829+00:00] ecommerce.INFO: Uspešna prijava {"email":"admin123@gmail.com","ip":"::1"} []
[2026-07-10T23:31:32.883349+00:00] ecommerce.INFO: Uspešna prijava {"email":"admin123@gmail.com","ip":"::1"} []
[2026-07-10T23:42:08.898359+00:00] ecommerce.INFO: Uspešna prijava {"email":"admin123@gmail.com","ip":"::1"} []
[2026-07-10T23:42:59.456203+00:00] ecommerce.INFO: Uspešna prijava {"email":"mitarrebic18@gmail.com","ip":"::1"} []
[2026-07-10T23:43:06.789835+00:00] ecommerce.INFO: Uspešna prijava {"email":"mitarrebic18@gmail.com","ip":"::1"} []
[2026-07-10T23:43:22.506350+00:00] ecommerce.INFO: Uspešna prijava {"email":"admin123@gmail.com","ip":"::1"} []
[2026-07-10T23:43:53.122258+00:00] ecommerce.INFO: Uspešna prijava {"email":"adminmitar@ecommerce.rs","ip":"::1"} []
[2026-07-10T23:43:59.732088+00:00] ecommerce.INFO: Uspešna prijava {"email":"adminmitar@ecommerce.rs","ip":"::1"} []
[2026-07-10T23:44:16.168868+00:00] ecommerce.INFO: Uspešna prijava {"email":"admin123@gmail.com","ip":"::1"} []
[2026-07-11T13:02:50.905931+00:00] ecommerce.INFO: Uspešna prijava {"email":"admin123@gmail.com","ip":"::1"} []
[2026-07-11T13:06:05.490105+00:00] ecommerce.INFO: Uspešna prijava {"email":"admin123@gmail.com","ip":"::1"} []
[2026-07-11T13:29:35.540168+00:00] ecommerce.INFO: Uspešna prijava {"email":"admin@shop.rs","ip":"::1"} []
[2026-07-11T13:30:13.805167+00:00] ecommerce.INFO: Uspešna prijava {"email":"admin123@gmail.com","ip":"::1"} []
[2026-07-11T13:30:16.296994+00:00] ecommerce.INFO: Uspešna prijava {"email":"admin123@gmail.com","ip":"::1"} []
[2026-07-11T13:30:51.364488+00:00] ecommerce.INFO: Uspešna prijava {"email":"mitarrebic18@gmail.com","ip":"::1"} []
[2026-07-11T13:34:13.186074+00:00] ecommerce.INFO: Uspešna prijava {"email":"mitarrebic18@gmail.com","ip":"::1"} []
[2026-07-11T13:36:31.848084+00:00] ecommerce.INFO: Uspešna prijava {"email":"admin123@gmail.com","ip":"::1"} []
[2026-07-11T15:17:37.306420+00:00] ecommerce.INFO: Uspešna prijava {"email":"admin123@gmail.com","ip":"::1"} []
[2026-07-11T15:18:09.649015+00:00] ecommerce.INFO: Uspešna prijava {"email":"mitarrebic18@gmail.com","ip":"::1"} []
[2026-07-11T15:27:01.076495+00:00] ecommerce.INFO: Uspešna prijava {"email":"mitarrebic18@gmail.com","ip":"::1"} []
[2026-07-11T17:22:04.152214+00:00] ecommerce.INFO: Uspešna prijava {"email":"mitarrebic18@gmail.com","ip":"::1"} []
[2026-07-11T18:58:05.975244+00:00] ecommerce.INFO: Uspešna prijava {"email":"mitarrebic18@gmail.com","ip":"::1"} []
[2026-07-11T19:05:51.652572+00:00] ecommerce.INFO: Uspešna prijava {"email":"mitarrebic18@gmail.com","ip":"::1"} []
[2026-07-11T19:06:12.935188+00:00] ecommerce.INFO: Uspešna prijava {"email":"mitarrebic18@gmail.com","ip":"::1"} []
[2026-07-11T19:06:51.795778+00:00] ecommerce.INFO: Uspešna prijava {"email":"mitarrebic18@gmail.com","ip":"::1"} []
[2026-07-11T19:07:00.164139+00:00] ecommerce.INFO: Uspešna prijava {"email":"admin123@gmail.com","ip":"::1"} []
[2026-07-11T19:07:11.740572+00:00] ecommerce.INFO: Uspešna prijava {"email":"mitarrebic18@gmail.com","ip":"::1"} []
[2026-07-11T19:07:18.620393+00:00] ecommerce.INFO: Uspešna prijava {"email":"admin123@gmail.com","ip":"::1"} []
[2026-07-11T19:08:17.910058+00:00] ecommerce.INFO: Uspešna prijava {"email":"mitarrebic18@gmail.com","ip":"::1"} []
[2026-07-11T19:09:52.675952+00:00] ecommerce.INFO: Uspešna prijava {"email":"mitarrebic18@gmail.com","ip":"::1"} []
[2026-07-11T19:12:28.826606+00:00] ecommerce.INFO: Uspešna prijava {"email":"mitarrebic18@gmail.com","ip":"::1"} []
[2026-07-11T19:13:36.680216+00:00] ecommerce.INFO: Uspešna prijava {"email":"mitarrebic18@gmail.com","ip":"::1"} []
[2026-07-11T19:13:40.115578+00:00] ecommerce.INFO: Uspešna prijava {"email":"mitarrebic18@gmail.com","ip":"::1"} []
[2026-07-11T19:18:51.449594+00:00] ecommerce.INFO: Uspešna prijava {"email":"mitarrebic18@gmail.com","ip":"::1"} []
[2026-07-11T19:53:03.540386+00:00] ecommerce.INFO: Uspešna prijava {"email":"admin123@gmail.com","ip":"::1"} []
[2026-07-11T19:56:26.347863+00:00] ecommerce.INFO: Uspešna prijava {"email":"admin123@gmail.com","ip":"::1"} []
[2026-07-11T20:16:22.920262+00:00] ecommerce.INFO: Uspešna prijava {"email":"admin123@gmail.com","ip":"::1"} []
[2026-07-11T20:18:32.047589+00:00] ecommerce.INFO: Uspešna prijava {"email":"mitarrebic18@gmail.com","ip":"::1"} []
[2026-07-11T20:21:29.921852+00:00] ecommerce.INFO: Uspešna prijava {"email":"admin@shop.rs","ip":"::1"} []
[2026-07-11T20:27:47.126750+00:00] ecommerce.INFO: Uspešna prijava {"email":"admin123@gmail.com","ip":"::1"} []
[2026-07-11T20:50:59.879486+00:00] ecommerce.INFO: Uspešna prijava {"email":"admin123@gmail.com","ip":"::1"} []
[2026-07-11T20:51:09.070533+00:00] ecommerce.INFO: Uspešna prijava {"email":"mitarrebic18@gmail.com","ip":"::1"} []
[2026-07-11T20:51:21.240533+00:00] ecommerce.INFO: Uspešna prijava {"email":"admin123@gmail.com","ip":"::1"} []
[2026-07-11T21:11:27.404562+00:00] ecommerce.INFO: Uspešna prijava {"email":"admin123@gmail.com","ip":"::1"} []
[2026-07-11T21:18:56.394626+00:00] ecommerce.INFO: Uspešna prijava {"email":"lazar111@gmail.com","ip":"::1"} []
[2026-07-11T21:20:30.116863+00:00] ecommerce.INFO: Uspešna prijava {"email":"masa@gmail.com","ip":"::1"} []
[2026-07-11T21:20:39.675837+00:00] ecommerce.INFO: Uspešna prijava {"email":"lazar111@gmail.com","ip":"::1"} []
[2026-07-11T21:28:01.320981+00:00] ecommerce.INFO: Uspešna prijava {"email":"lazar111@gmail.com","ip":"::1"} []
[2026-07-11T21:28:27.270160+00:00] ecommerce.INFO: Uspešna prijava {"email":"lazar111@gmail.com","ip":"::1"} []
[2026-07-12T14:21:18.876770+00:00] ecommerce.INFO: Uspešna prijava {"email":"lazar111@gmail.com","ip":"::1"} []
[2026-07-12T21:07:57.880902+00:00] ecommerce.INFO: Uspešna prijava {"email":"lazar111@gmail.com","ip":"::1"} []
[2026-07-12T21:08:04.138103+00:00] ecommerce.INFO: Uspešna prijava {"email":"lazar111@gmail.com","ip":"::1"} []
[2026-07-12T21:08:52.295216+00:00] ecommerce.INFO: Uspešna prijava {"email":"mitarrebic18@gmail.com","ip":"::1"} []
[2026-07-12T21:10:55.762799+00:00] ecommerce.INFO: Uspešna prijava {"email":"admin123@gmail.com","ip":"::1"} []
[2026-07-12T21:11:13.784706+00:00] ecommerce.INFO: Uspešna prijava {"email":"admin123@gmail.com","ip":"::1"} []
[2026-07-12T21:49:37.019611+00:00] ecommerce.INFO: Uspešna prijava {"email":"admin123@gmail.com","ip":"::1"} []
[2026-07-12T21:53:38.302475+00:00] ecommerce.INFO: Uspešna prijava {"email":"admin123@gmail.com","ip":"::1"} []
[2026-07-12T22:10:18.533715+00:00] ecommerce.INFO: Uspešna prijava {"email":"admin123@gmail.com","ip":"::1"} []
[2026-07-13T12:38:10.645542+00:00] ecommerce.INFO: Uspešna prijava {"email":"admin123@gmail.com","ip":"::1"} []
[2026-07-13T17:45:32.024717+00:00] ecommerce.INFO: Uspešna prijava {"email":"admin123@gmail.com","ip":"::1"} []
[2026-07-13T20:08:40.482654+00:00] ecommerce.INFO: Uspešna prijava {"email":"admin123@gmail.com","ip":"::1"} []
[2026-07-13T22:13:25.389457+00:00] ecommerce.INFO: Uspešna prijava {"email":"admin123@gmail.com","ip":"::1"} []
[2026-07-13T22:13:54.861372+00:00] ecommerce.INFO: Uspešna prijava {"email":"miki123@gmail.com","ip":"::1"} []
[2026-07-13T22:14:15.238405+00:00] ecommerce.INFO: Uspešna prijava {"email":"admin123@gmail.com","ip":"::1"} []
[2026-07-14T13:40:35.767520+00:00] ecommerce.INFO: Uspešna prijava {"email":"admin123@gmail.com","ip":"::1"} []
[2026-07-14T14:03:13.378929+00:00] ecommerce.INFO: Uspešna prijava {"email":"admin123@gmail.com","ip":"::1"} []
[2026-07-14T14:13:35.368867+00:00] ecommerce.INFO: Uspešna prijava {"email":"admin123@gmail.com","ip":"::1"} []
[2026-07-14T19:18:04.188426+00:00] ecommerce.INFO: Uspešna prijava {"email":"admin123@gmail.com","ip":"::1"} []
[2026-07-14T19:18:34.758720+00:00] ecommerce.INFO: Uspešna prijava {"email":"miki123@gmail.com","ip":"::1"} []
[2026-07-14T19:56:18.760295+00:00] ecommerce.INFO: Uspešna prijava {"email":"miki123@gmail.com","ip":"::1"} []
[2026-07-14T19:56:24.806856+00:00] ecommerce.INFO: Uspešna prijava {"email":"admin123@gmail.com","ip":"::1"} []
[2026-07-14T20:15:40.889919+00:00] ecommerce.INFO: Uspešna prijava {"email":"admin123@gmail.com","ip":"::1"} []
[2026-07-14T20:19:09.137973+00:00] ecommerce.INFO: Uspešna prijava {"email":"admin123@gmail.com","ip":"::1"} []
[2026-07-14T20:23:38.741887+00:00] ecommerce.INFO: Uspešna prijava {"email":"admin123@gmail.com","ip":"::1"} []
[2026-07-14T20:26:10.982443+00:00] ecommerce.INFO: Uspešna prijava {"email":"admin123@gmail.com","ip":"::1"} []
[2026-07-14T20:53:47.589802+00:00] ecommerce.INFO: Uspešna prijava {"email":"admin123@gmail.com","ip":"::1"} []
[2026-07-14T20:57:46.206232+00:00] ecommerce.INFO: Uspešna prijava {"email":"admin123@gmail.com","ip":"::1"} []
[2026-07-14T21:13:55.840952+00:00] ecommerce.INFO: Uspešna prijava {"email":"admin123@gmail.com","ip":"::1"} []
[2026-07-14T21:14:51.430792+00:00] ecommerce.INFO: Uspešna prijava {"email":"admin123@gmail.com","ip":"::1"} []
[2026-07-14T21:20:29.020391+00:00] ecommerce.INFO: Uspešna prijava {"email":"admin123@gmail.com","ip":"::1"} []
[2026-07-14T21:25:01.797774+00:00] ecommerce.INFO: Uspešna prijava {"email":"admin123@gmail.com","ip":"::1"} []
[2026-07-14T21:36:04.068376+00:00] ecommerce.INFO: Uspešna prijava {"email":"admin123@gmail.com","ip":"::1"} []
[2026-07-14T21:36:49.140503+00:00] ecommerce.INFO: Uspešna prijava {"email":"admin123@gmail.com","ip":"::1"} []
[2026-07-15T15:38:52.832136+00:00] ecommerce.INFO: Uspešna prijava {"email":"admin123@gmail.com","ip":"::1"} []
[2026-07-15T15:40:30.959495+00:00] ecommerce.INFO: Uspešna prijava {"email":"admin123@gmail.com","ip":"::1"} []
[2026-07-15T15:42:25.536097+00:00] ecommerce.INFO: Uspešna prijava {"email":"admin123@gmail.com","ip":"::1"} []
[2026-07-15T16:15:37.519479+00:00] ecommerce.INFO: Uspešna prijava {"email":"admin123@gmail.com","ip":"::1"} []
[2026-07-15T18:01:26.173416+00:00] ecommerce.INFO: Uspešna prijava {"email":"admin123@gmail.com","ip":"::1"} []
[2026-07-15T18:25:02.570998+00:00] ecommerce.INFO: Uspešna prijava {"email":"admin123@gmail.com","ip":"::1"} []
[2026-07-15T18:26:24.910233+00:00] ecommerce.INFO: Uspešna prijava {"email":"miki123@gmail.com","ip":"::1"} []
[2026-07-15T18:28:00.158795+00:00] ecommerce.INFO: Uspešna prijava {"email":"admin123@gmail.com","ip":"::1"} []
[2026-07-15T18:31:53.878823+00:00] ecommerce.INFO: Uspešna prijava {"email":"admin123@gmail.com","ip":"::1"} []
[2026-07-15T19:42:16.257631+00:00] ecommerce.INFO: Uspešna prijava {"email":"admin123@gmail.com","ip":"::1"} []
[2026-07-15T23:39:25.886097+00:00] ecommerce.INFO: Uspešna prijava {"email":"admin123@gmail.com","ip":"::1"} []
[2026-07-16T12:22:23.922435+00:00] ecommerce.INFO: Uspešna prijava {"email":"admin123@gmail.com","ip":"::1"} []
[2026-07-16T14:13:46.849052+00:00] ecommerce.INFO: Uspešna prijava {"email":"admin123@gmail.com","ip":"::1"} []
[2026-07-16T14:16:43.679870+00:00] ecommerce.INFO: Uspešna prijava {"email":"mitarrebic18@gmail.com","ip":"::1"} []
[2026-07-16T14:19:44.845351+00:00] ecommerce.INFO: Uspešna prijava {"email":"mitarrebic18@gmail.com","ip":"::1"} []
[2026-07-16T14:19:47.823567+00:00] ecommerce.INFO: Uspešna prijava {"email":"admin123@gmail.com","ip":"::1"} []
[2026-07-16T14:21:38.721836+00:00] ecommerce.INFO: Uspešna prijava {"email":"admin123@gmail.com","ip":"::1"} []
[2026-07-16T14:21:38.860985+00:00] ecommerce.INFO: Uspešna prijava {"email":"admin123@gmail.com","ip":"::1"} []
[2026-07-16T14:34:07.973303+00:00] ecommerce.INFO: Uspešna prijava {"email":"admin123@gmail.com","ip":"::1"} []
[2026-07-16T14:38:06.022560+00:00] ecommerce.INFO: Uspešna prijava {"email":"miki123@gmail.com","ip":"::1"} []
[2026-07-16T18:45:12.841677+00:00] ecommerce.INFO: Uspešna prijava {"email":"miki123@gmail.com","ip":"::1"} []
[2026-07-16T18:46:00.525105+00:00] ecommerce.INFO: Uspešna prijava {"email":"admin123@gmail.com","ip":"::1"} []
[2026-07-16T19:32:40.172262+00:00] ecommerce.INFO: Uspešna prijava {"email":"mitarrebic18@gmail.com","ip":"::1"} []
[2026-07-16T19:33:38.700950+00:00] ecommerce.INFO: Uspešna prijava {"email":"adminmitar@gmail.com","ip":"::1"} []
[2026-07-16T23:09:30.416197+00:00] ecommerce.INFO: Uspešna prijava {"email":"mitarrebic18@gmail.com","ip":"::1"} []
[2026-07-17T09:05:12.543161+00:00] ecommerce.INFO: Uspešna prijava {"email":"mitarrebic18@gmail.com","ip":"::1"} []
[2026-07-17T16:59:32.448678+00:00] ecommerce.INFO: Uspešna prijava {"email":"mitarrebic18@gmail.com","ip":"::1"} []
[2026-07-17T20:19:04.524296+00:00] ecommerce.INFO: Uspešna prijava {"email":"mitarrebic18@gmail.com","ip":"::1"} []
[2026-07-17T20:25:38.708417+00:00] ecommerce.INFO: Uspešna prijava {"email":"mitarrebic18@gmail.com","ip":"::1"} []
[2026-07-17T21:01:22.502511+00:00] ecommerce.INFO: Uspešna prijava {"email":"mitarrebic18@gmail.com","ip":"::1"} []
[2026-07-17T21:10:33.442625+00:00] ecommerce.INFO: Uspešna prijava {"email":"mitarrebic18@gmail.com","ip":"::1"} []
[2026-07-17T21:10:43.242886+00:00] ecommerce.INFO: Uspešna prijava {"email":"mitarrebic18@gmail.com","ip":"::1"} []
[2026-07-17T22:29:37.887754+00:00] ecommerce.INFO: Uspešna prijava {"email":"mitarrebic18@gmail.com","ip":"::1"} []
[2026-07-17T22:30:15.381670+00:00] ecommerce.INFO: Uspešna prijava {"email":"mitarrebic18@gmail.com","ip":"::1"} []
[2026-07-17T22:40:06.896837+00:00] ecommerce.INFO: Uspešna prijava {"email":"mitarrebic18@gmail.com","ip":"::1"} []
[2026-07-17T22:46:32.988648+00:00] ecommerce.INFO: Uspešna prijava {"email":"mitarrebic18@gmail.com","ip":"::1"} []
[2026-07-17T22:50:06.373379+00:00] ecommerce.INFO: Uspešna prijava {"email":"mitarrebic18@gmail.com","ip":"::1"} []
[2026-07-18T15:28:20.016900+00:00] ecommerce.INFO: Uspešna prijava {"email":"mitarrebic18@gmail.com","ip":"::1"} []
[2026-07-18T15:28:28.678579+00:00] ecommerce.INFO: Uspešna prijava {"email":"mitarrebic18@gmail.com","ip":"::1"} []
[2026-07-18T15:30:05.467947+00:00] ecommerce.INFO: Uspešna prijava {"email":"mitarrebic18@gmail.com","ip":"::1"} []
[2026-07-18T15:35:48.411734+00:00] ecommerce.INFO: Uspešna prijava {"email":"mitarrebic18@gmail.com","ip":"::1"} []
[2026-07-18T15:44:04.347241+00:00] ecommerce.INFO: Uspešna prijava {"email":"mitarrebic18@gmail.com","ip":"::1"} []
[2026-07-18T15:52:24.633875+00:00] ecommerce.INFO: Uspešna prijava {"email":"mitarrebic18@gmail.com","ip":"::1"} []
[2026-07-18T15:53:13.536817+00:00] ecommerce.INFO: Uspešna prijava {"email":"mitarrebic18@gmail.com","ip":"::1"} []
[2026-07-18T16:45:56.486168+00:00] ecommerce.INFO: Uspešna prijava {"email":"mitarrebic18@gmail.com","ip":"::1"} []
[2026-07-18T16:49:17.271506+00:00] ecommerce.INFO: Uspešna prijava {"email":"mitarrebic18@gmail.com","ip":"::1"} []
[2026-07-18T16:50:25.529213+00:00] ecommerce.INFO: Uspešna prijava {"email":"mitarrebic18@gmail.com","ip":"::1"} []
[2026-07-18T17:04:29.966986+00:00] ecommerce.INFO: Uspešna prijava {"email":"mitarrebic18@gmail.com","ip":"::1"} []
[2026-07-18T18:06:39.166809+00:00] ecommerce.INFO: Uspešna prijava {"email":"mitarrebic18@gmail.com","ip":"::1"} []
[2026-07-18T18:43:55.063522+00:00] ecommerce.INFO: Uspešna prijava {"email":"mitarrebic18@gmail.com","ip":"::1"} []
[2026-07-18T18:47:47.556433+00:00] ecommerce.INFO: Uspešna prijava {"email":"mitarrebic18@gmail.com","ip":"::1"} []
[2026-07-18T22:37:28.447067+00:00] ecommerce.INFO: Uspešna prijava {"email":"mitarrebic18@gmail.com","ip":"::1"} []
[2026-07-18T22:37:53.492413+00:00] ecommerce.INFO: Uspešna prijava {"email":"mitarrebic18@gmail.com","ip":"::1"} []
[2026-07-18T22:39:53.042021+00:00] ecommerce.INFO: Uspešna prijava {"email":"peraperic11@gmail.com","ip":"::1"} []
[2026-07-18T22:41:54.267592+00:00] ecommerce.INFO: Uspešna prijava {"email":"mitarrebic18@gmail.com","ip":"::1"} []
[2026-07-18T22:45:51.082303+00:00] ecommerce.INFO: Uspešna prijava {"email":"mitarrebic18@gmail.com","ip":"::1"} []
[2026-07-18T22:45:56.868198+00:00] ecommerce.INFO: Uspešna prijava {"email":"peraperic11@gmail.com","ip":"::1"} []
[2026-07-18T23:09:49.738549+00:00] ecommerce.INFO: Uspešna prijava {"email":"peraperic11@gmail.com","ip":"::1"} []
[2026-07-18T23:11:19.208098+00:00] ecommerce.INFO: Uspešna prijava {"email":"peraperic11@gmail.com","ip":"::1"} []
[2026-07-18T23:14:42.144465+00:00] ecommerce.INFO: Uspešna prijava {"email":"mitarrebic18@gmail.com","ip":"::1"} []
[2026-07-18T23:15:25.283148+00:00] ecommerce.INFO: Uspešna prijava {"email":"mitarrebic18@gmail.com","ip":"::1"} []
[2026-07-19T15:07:52.480808+00:00] ecommerce.INFO: Uspešna prijava {"email":"mitarrebic18@gmail.com","ip":"::1"} []
[2026-07-19T15:08:00.802366+00:00] ecommerce.INFO: Uspešna prijava {"email":"mitarrebic18@gmail.com","ip":"::1"} []
[2026-07-19T15:08:10.991713+00:00] ecommerce.INFO: Uspešna prijava {"email":"peraperic11@gmail.com","ip":"::1"} []
[2026-07-19T15:26:40.580766+00:00] ecommerce.INFO: Uspešna prijava {"email":"peraperic11@gmail.com","ip":"::1"} []
[2026-07-19T15:29:19.534391+00:00] ecommerce.INFO: Uspešna prijava {"email":"peraperic11@gmail.com","ip":"::1"} []
[2026-07-19T15:33:30.140596+00:00] ecommerce.INFO: Uspešna prijava {"email":"peraperic11@gmail.com","ip":"::1"} []
[2026-07-19T15:33:44.525827+00:00] ecommerce.INFO: Uspešna prijava {"email":"mitarrebic18@gmail.com","ip":"::1"} []
[2026-07-19T15:39:42.029481+00:00] ecommerce.INFO: Uspešna prijava {"email":"mitarrebic18@gmail.com","ip":"::1"} []
[2026-07-19T15:52:14.751632+00:00] ecommerce.INFO: Uspešna prijava {"email":"mitarrebic18@gmail.com","ip":"::1"} []
[2026-07-19T15:52:30.710793+00:00] ecommerce.INFO: Uspešna prijava {"email":"peraperic11@gmail.com","ip":"::1"} []
[2026-07-19T15:58:45.591951+00:00] ecommerce.INFO: Uspešna prijava {"email":"peraperic11@gmail.com","ip":"::1"} []
[2026-07-19T16:06:33.422867+00:00] ecommerce.INFO: Uspešna prijava {"email":"peraperic11@gmail.com","ip":"::1"} []
[2026-07-19T16:12:48.959978+00:00] ecommerce.INFO: Uspešna prijava {"email":"peraperic11@gmail.com","ip":"::1"} []
[2026-07-19T19:27:58.820057+00:00] ecommerce.INFO: Uspešna prijava {"email":"peraperic11@gmail.com","ip":"::1"} []
[2026-07-19T19:30:41.747617+00:00] ecommerce.INFO: Uspešna prijava {"email":"peraperic11@gmail.com","ip":"::1"} []
[2026-07-19T19:31:32.430178+00:00] ecommerce.INFO: Uspešna prijava {"email":"mitarrebic18@gmail.com","ip":"::1"} []
[2026-07-19T19:33:36.193147+00:00] ecommerce.INFO: Uspešna prijava {"email":"peraperic11@gmail.com","ip":"::1"} []
[2026-07-19T19:34:39.018300+00:00] ecommerce.INFO: Uspešna prijava {"email":"mitarrebic18@gmail.com","ip":"::1"} []
[2026-07-19T19:34:53.871248+00:00] ecommerce.INFO: Uspešna prijava {"email":"peraperic11@gmail.com","ip":"::1"} []
[2026-07-19T19:36:53.287753+00:00] ecommerce.INFO: Uspešna prijava {"email":"mitarrebic18@gmail.com","ip":"::1"} []
[2026-07-19T20:04:38.642739+00:00] ecommerce.INFO: Uspešna prijava {"email":"mitarrebic18@gmail.com","ip":"::1"} []
[2026-07-19T20:08:11.225358+00:00] ecommerce.INFO: Uspešna prijava {"email":"mitarrebic18@gmail.com","ip":"::1"} []
[2026-07-19T20:09:11.957199+00:00] ecommerce.INFO: Uspešna prijava {"email":"mitarrebic18@gmail.com","ip":"::1"} []
[2026-07-19T20:10:05.592246+00:00] ecommerce.INFO: Uspešna prijava {"email":"mitarrebic18@gmail.com","ip":"::1"} []
[2026-07-19T21:39:34.475140+00:00] ecommerce.INFO: Uspešna prijava {"email":"mitarrebic18@gmail.com","ip":"::1"} []
[2026-07-19T21:46:15.524090+00:00] ecommerce.INFO: Uspešna prijava {"email":"mitarrebic18@gmail.com","ip":"::1"} []
[2026-07-19T21:47:55.646325+00:00] ecommerce.INFO: Uspešna prijava {"email":"peraperic11@gmail.com","ip":"::1"} []
[2026-07-19T21:48:28.921623+00:00] ecommerce.INFO: Uspešna prijava {"email":"peraperic11@gmail.com","ip":"::1"} []
[2026-07-19T21:49:00.376446+00:00] ecommerce.INFO: Uspešna prijava {"email":"peraperic11@gmail.com","ip":"::1"} []
[2026-07-19T21:49:12.760529+00:00] ecommerce.INFO: Uspešna prijava {"email":"mitarrebic18@gmail.com","ip":"::1"} []
[2026-07-19T21:49:54.087265+00:00] ecommerce.INFO: Uspešna prijava {"email":"mitarrebic18@gmail.com","ip":"::1"} []
[2026-07-19T21:50:10.068193+00:00] ecommerce.INFO: Uspešna prijava {"email":"peraperic11@gmail.com","ip":"::1"} []
[2026-07-19T21:51:08.085725+00:00] ecommerce.INFO: Uspešna prijava {"email":"mitarrebic18@gmail.com","ip":"::1"} []
[2026-07-19T21:52:35.453678+00:00] ecommerce.INFO: Uspešna prijava {"email":"mitarrebic18@gmail.com","ip":"::1"} []
[2026-07-19T21:53:46.085736+00:00] ecommerce.INFO: Uspešna prijava {"email":"mitarrebic18@gmail.com","ip":"::1"} []
[2026-07-19T21:53:51.270581+00:00] ecommerce.INFO: Uspešna prijava {"email":"peraperic11@gmail.com","ip":"::1"} []
[2026-07-20T12:37:25.775728+00:00] ecommerce.INFO: Uspešna prijava {"email":"peraperic11@gmail.com","ip":"::1"} []
[2026-07-20T16:16:56.107743+00:00] ecommerce.INFO: Uspešna prijava {"email":"peraperic11@gmail.com","ip":"::1"} []
[2026-07-20T16:17:00.349845+00:00] ecommerce.INFO: Uspešna prijava {"email":"peraperic11@gmail.com","ip":"::1"} []
[2026-07-20T16:17:19.433881+00:00] ecommerce.INFO: Uspešna prijava {"email":"peraperic11@gmail.com","ip":"::1"} []
[2026-07-20T16:35:06.172661+00:00] ecommerce.INFO: Uspešna prijava {"email":"peraperic11@gmail.com","ip":"::1"} []
[2026-07-20T16:39:44.767203+00:00] ecommerce.INFO: Uspešna prijava {"email":"peraperic11@gmail.com","ip":"::1"} []
[2026-07-20T16:40:28.384819+00:00] ecommerce.INFO: Uspešna prijava {"email":"mitarrebic18@gmail.com","ip":"::1"} []
[2026-07-20T16:41:06.244987+00:00] ecommerce.INFO: Uspešna prijava {"email":"peraperic11@gmail.com","ip":"::1"} []
[2026-07-20T20:01:43.000540+00:00] ecommerce.INFO: Uspešna prijava {"email":"peraperic11@gmail.com","ip":"::1"} []
[2026-07-20T21:29:34.989093+00:00] ecommerce.INFO: Uspešna prijava {"email":"mitarrebic18@gmail.com","ip":"::1"} []
[2026-07-20T21:33:45.434985+00:00] ecommerce.INFO: Uspešna prijava {"email":"mitarrebic18@gmail.com","ip":"::1"} []
[2026-07-20T21:38:34.624392+00:00] ecommerce.INFO: Uspešna prijava {"email":"mitarrebic18@gmail.com","ip":"::1"} []
[2026-07-20T21:39:09.996852+00:00] ecommerce.INFO: Uspešna prijava {"email":"mitarrebic18@gmail.com","ip":"::1"} []
[2026-07-20T21:39:33.791959+00:00] ecommerce.INFO: Uspešna prijava {"email":"peraperic11@gmail.com","ip":"::1"} []
[2026-07-20T21:39:46.855341+00:00] ecommerce.INFO: Uspešna prijava {"email":"mitarrebic18@gmail.com","ip":"::1"} []
[2026-07-20T21:40:37.879140+00:00] ecommerce.INFO: Uspešna prijava {"email":"mitarrebic18@gmail.com","ip":"::1"} []
[2026-07-20T21:40:51.672975+00:00] ecommerce.INFO: Uspešna prijava {"email":"peraperic11@gmail.com","ip":"::1"} []
[2026-07-20T21:41:16.408608+00:00] ecommerce.INFO: Uspešna prijava {"email":"mitarrebic18@gmail.com","ip":"::1"} []
[2026-07-20T21:46:45.838853+00:00] ecommerce.INFO: Uspešna prijava {"email":"mitarrebic18@gmail.com","ip":"::1"} []
[2026-07-20T21:47:19.567928+00:00] ecommerce.INFO: Uspešna prijava {"email":"mitarrebic18@gmail.com","ip":"::1"} []
[2026-07-20T21:47:26.369307+00:00] ecommerce.INFO: Uspešna prijava {"email":"peraperic11@gmail.com","ip":"::1"} []
[2026-07-21T11:37:45.144966+00:00] ecommerce.INFO: Uspešna prijava {"email":"mitarrebic18@gmail.com","ip":"::1"} []
[2026-07-21T11:39:38.733835+00:00] ecommerce.INFO: Uspešna prijava {"email":"mitarrebic18@gmail.com","ip":"::1"} []
[2026-07-21T11:39:45.418276+00:00] ecommerce.INFO: Uspešna prijava {"email":"peraperic11@gmail.com","ip":"::1"} []
[2026-07-21T11:40:40.566077+00:00] ecommerce.INFO: Uspešna prijava {"email":"mitarrebic18@gmail.com","ip":"::1"} []
[2026-07-21T11:49:08.329348+00:00] ecommerce.INFO: Uspešna prijava {"email":"mitarrebic18@gmail.com","ip":"::1"} []
[2026-07-21T11:51:40.241684+00:00] ecommerce.INFO: Uspešna prijava {"email":"mitarrebic18@gmail.com","ip":"::1"} []
[2026-07-21T11:54:33.507585+00:00] ecommerce.INFO: Uspešna prijava {"email":"mitarrebic18@gmail.com","ip":"::1"} []
[2026-07-21T11:58:54.216613+00:00] ecommerce.INFO: Uspešna prijava {"email":"mitarrebic18@gmail.com","ip":"::1"} []
[2026-07-21T12:03:31.829701+00:00] ecommerce.INFO: Uspešna prijava {"email":"mitarrebic18@gmail.com","ip":"::1"} []
[2026-07-21T12:04:30.260718+00:00] ecommerce.INFO: Uspešna prijava {"email":"mitarrebic18@gmail.com","ip":"::1"} []
[2026-07-21T12:04:46.483477+00:00] ecommerce.INFO: Uspešna prijava {"email":"peraperic11@gmail.com","ip":"::1"} []
[2026-07-21T12:05:04.412039+00:00] ecommerce.INFO: Uspešna prijava {"email":"mitarrebic18@gmail.com","ip":"::1"} []
[2026-07-21T12:08:57.742648+00:00] ecommerce.INFO: Uspešna prijava {"email":"mitarrebic18@gmail.com","ip":"::1"} []
[2026-07-21T12:11:07.291106+00:00] ecommerce.INFO: Uspešna prijava {"email":"mitarrebic18@gmail.com","ip":"::1"} []
[2026-07-21T12:11:13.765523+00:00] ecommerce.INFO: Uspešna prijava {"email":"peraperic11@gmail.com","ip":"::1"} []
[2026-07-21T12:11:38.663314+00:00] ecommerce.INFO: Uspešna prijava {"email":"mitarrebic18@gmail.com","ip":"::1"} []
[2026-07-21T12:15:46.051918+00:00] ecommerce.INFO: Uspešna prijava {"email":"peraperic11@gmail.com","ip":"::1"} []
[2026-07-21T12:16:13.907043+00:00] ecommerce.INFO: Uspešna prijava {"email":"mitarrebic18@gmail.com","ip":"::1"} []
[2026-07-21T12:16:49.436637+00:00] ecommerce.INFO: Uspešna prijava {"email":"mitarrebic18@gmail.com","ip":"::1"} []
[2026-07-21T12:22:27.580461+00:00] ecommerce.INFO: Uspešna prijava {"email":"mitarrebic18@gmail.com","ip":"::1"} []
[2026-07-21T12:22:33.079500+00:00] ecommerce.INFO: Uspešna prijava {"email":"peraperic11@gmail.com","ip":"::1"} []
[2026-07-21T12:23:45.628902+00:00] ecommerce.INFO: Uspešna prijava {"email":"mitarrebic18@gmail.com","ip":"::1"} []
[2026-07-21T12:24:08.255143+00:00] ecommerce.INFO: Uspešna prijava {"email":"peraperic11@gmail.com","ip":"::1"} []
[2026-07-21T12:24:22.628645+00:00] ecommerce.INFO: Uspešna prijava {"email":"mitarrebic18@gmail.com","ip":"::1"} []
[2026-07-21T12:27:12.379773+00:00] ecommerce.INFO: Uspešna prijava {"email":"peraperic11@gmail.com","ip":"::1"} []
[2026-07-21T12:27:33.950698+00:00] ecommerce.INFO: Uspešna prijava {"email":"mitarrebic18@gmail.com","ip":"::1"} []
[2026-07-21T12:35:04.050467+00:00] ecommerce.INFO: Uspešna prijava {"email":"peraperic11@gmail.com","ip":"::1"} []
[2026-07-21T12:35:35.600899+00:00] ecommerce.INFO: Uspešna prijava {"email":"mitarrebic18@gmail.com","ip":"::1"} []
[2026-07-21T12:37:20.764775+00:00] ecommerce.INFO: Uspešna prijava {"email":"peraperic11@gmail.com","ip":"::1"} []
[2026-07-21T17:39:46.663825+00:00] ecommerce.INFO: Uspešna prijava {"email":"mitarrebic18@gmail.com","ip":"::1"} []
[2026-07-21T17:40:26.902274+00:00] ecommerce.INFO: Uspešna prijava {"email":"peraperic11@gmail.com","ip":"::1"} []
[2026-07-21T17:40:47.695189+00:00] ecommerce.INFO: Uspešna prijava {"email":"mitarrebic18@gmail.com","ip":"::1"} []
[2026-07-21T17:54:47.753492+00:00] ecommerce.INFO: Uspešna prijava {"email":"peraperic11@gmail.com","ip":"::1"} []
[2026-07-21T17:54:56.274709+00:00] ecommerce.INFO: Uspešna prijava {"email":"mitarrebic18@gmail.com","ip":"::1"} []
[2026-07-21T17:58:33.578599+00:00] ecommerce.INFO: Uspešna prijava {"email":"peraperic11@gmail.com","ip":"::1"} []
[2026-07-21T17:58:37.972908+00:00] ecommerce.INFO: Uspešna prijava {"email":"mitarrebic18@gmail.com","ip":"::1"} []
[2026-07-21T17:59:02.789653+00:00] ecommerce.INFO: Uspešna prijava {"email":"peraperic11@gmail.com","ip":"::1"} []
[2026-07-21T18:00:02.138079+00:00] ecommerce.INFO: Uspešna prijava {"email":"peraperic11@gmail.com","ip":"::1"} []
[2026-07-21T18:07:07.526287+00:00] ecommerce.INFO: Uspešna prijava {"email":"peraperic11@gmail.com","ip":"::1"} []
[2026-07-21T18:07:59.697244+00:00] ecommerce.INFO: Uspešna prijava {"email":"peraperic11@gmail.com","ip":"::1"} []
[2026-07-21T18:08:38.100236+00:00] ecommerce.INFO: Uspešna prijava {"email":"peraperic11@gmail.com","ip":"::1"} []
[2026-07-21T18:08:42.219969+00:00] ecommerce.INFO: Uspešna prijava {"email":"mitarrebic18@gmail.com","ip":"::1"} []
[2026-07-21T18:09:09.646454+00:00] ecommerce.INFO: Uspešna prijava {"email":"mitarrebic18@gmail.com","ip":"::1"} []
[2026-07-21T18:09:15.593115+00:00] ecommerce.INFO: Uspešna prijava {"email":"peraperic11@gmail.com","ip":"::1"} []
[2026-07-21T18:13:17.844143+00:00] ecommerce.INFO: Uspešna prijava {"email":"peraperic11@gmail.com","ip":"::1"} []
[2026-07-21T19:58:39.183754+00:00] ecommerce.INFO: Uspešna prijava {"email":"mitarrebic18@gmail.com","ip":"::1"} []
[2026-07-21T19:59:19.576350+00:00] ecommerce.INFO: Uspešna prijava {"email":"peraperic11@gmail.com","ip":"::1"} []
[2026-07-21T19:59:36.622919+00:00] ecommerce.INFO: Uspešna prijava {"email":"mitarrebic18@gmail.com","ip":"::1"} []
[2026-07-21T20:05:51.747794+00:00] ecommerce.INFO: Uspešna prijava {"email":"mitarrebic18@gmail.com","ip":"::1"} []
[2026-07-21T20:06:16.065974+00:00] ecommerce.INFO: Uspešna prijava {"email":"mitarrebic18@gmail.com","ip":"::1"} []
[2026-07-21T20:06:23.533622+00:00] ecommerce.INFO: Uspešna prijava {"email":"peraperic11@gmail.com","ip":"::1"} []
[2026-07-21T20:09:13.199413+00:00] ecommerce.INFO: Uspešna prijava {"email":"mitarrebic18@gmail.com","ip":"::1"} []
[2026-07-21T20:11:49.558456+00:00] ecommerce.INFO: Uspešna prijava {"email":"peraperic11@gmail.com","ip":"::1"} []
[2026-07-21T20:13:38.425053+00:00] ecommerce.INFO: Uspešna prijava {"email":"peraperic11@gmail.com","ip":"::1"} []
[2026-07-21T20:13:45.221003+00:00] ecommerce.INFO: Uspešna prijava {"email":"mitarrebic18@gmail.com","ip":"::1"} []
[2026-07-21T20:14:00.575416+00:00] ecommerce.INFO: Uspešna prijava {"email":"peraperic11@gmail.com","ip":"::1"} []
[2026-07-21T20:14:09.512817+00:00] ecommerce.INFO: Uspešna prijava {"email":"mitarrebic18@gmail.com","ip":"::1"} []
[2026-07-21T20:15:25.659972+00:00] ecommerce.INFO: Uspešna prijava {"email":"peraperic11@gmail.com","ip":"::1"} []
[2026-07-21T20:17:16.665810+00:00] ecommerce.INFO: Uspešna prijava {"email":"peraperic11@gmail.com","ip":"::1"} []
[2026-07-21T20:17:41.574212+00:00] ecommerce.INFO: Uspešna prijava {"email":"mitarrebic18@gmail.com","ip":"::1"} []
[2026-07-21T20:17:52.752810+00:00] ecommerce.INFO: Uspešna prijava {"email":"peraperic11@gmail.com","ip":"::1"} []
[2026-07-21T20:26:52.911949+00:00] ecommerce.INFO: Uspešna prijava {"email":"peraperic11@gmail.com","ip":"::1"} []
[2026-07-21T20:28:28.089122+00:00] ecommerce.INFO: Uspešna prijava {"email":"mitarrebic18@gmail.com","ip":"::1"} []
[2026-07-21T21:06:48.039207+00:00] ecommerce.INFO: Uspešna prijava {"email":"mitarrebic18@gmail.com","ip":"::1"} []
[2026-07-21T21:07:27.272477+00:00] ecommerce.INFO: Uspešna prijava {"email":"peraperic11@gmail.com","ip":"::1"} []
[2026-07-21T21:08:39.238371+00:00] ecommerce.INFO: Uspešna prijava {"email":"peraperic11@gmail.com","ip":"::1"} []
[2026-07-21T21:11:21.605765+00:00] ecommerce.INFO: Uspešna prijava {"email":"peraperic11@gmail.com","ip":"::1"} []
[2026-07-21T21:11:33.265661+00:00] ecommerce.INFO: Uspešna prijava {"email":"mitarrebic18@gmail.com","ip":"::1"} []
[2026-07-21T21:12:12.005030+00:00] ecommerce.INFO: Uspešna prijava {"email":"peraperic11@gmail.com","ip":"::1"} []
[2026-07-21T21:12:37.866699+00:00] ecommerce.INFO: Uspešna prijava {"email":"peraperic11@gmail.com","ip":"::1"} []
[2026-07-21T21:12:42.115374+00:00] ecommerce.INFO: Uspešna prijava {"email":"mitarrebic18@gmail.com","ip":"::1"} []
[2026-07-21T21:18:14.146055+00:00] ecommerce.INFO: Uspešna prijava {"email":"mitarrebic18@gmail.com","ip":"::1"} []
[2026-07-21T21:18:42.105837+00:00] ecommerce.INFO: Uspešna prijava {"email":"peraperic11@gmail.com","ip":"::1"} []
[2026-07-21T21:19:06.174540+00:00] ecommerce.INFO: Uspešna prijava {"email":"mitarrebic18@gmail.com","ip":"::1"} []
[2026-07-21T21:22:53.439082+00:00] ecommerce.INFO: Uspešna prijava {"email":"mitarrebic18@gmail.com","ip":"::1"} []
[2026-07-21T21:22:58.387906+00:00] ecommerce.INFO: Uspešna prijava {"email":"peraperic11@gmail.com","ip":"::1"} []
[2026-07-21T21:25:08.659025+00:00] ecommerce.INFO: Uspešna prijava {"email":"peraperic11@gmail.com","ip":"::1"} []
[2026-07-21T21:28:07.672007+00:00] ecommerce.INFO: Uspešna prijava {"email":"mitarrebic18@gmail.com","ip":"::1"} []
[2026-07-21T21:31:33.370454+00:00] ecommerce.INFO: Uspešna prijava {"email":"peraperic11@gmail.com","ip":"::1"} []
[2026-07-21T21:31:37.344169+00:00] ecommerce.INFO: Uspešna prijava {"email":"mitarrebic18@gmail.com","ip":"::1"} []
[2026-07-21T21:55:21.867329+00:00] ecommerce.INFO: Uspešna prijava {"email":"mitarrebic18@gmail.com","ip":"::1"} []
[2026-07-21T22:01:21.667940+00:00] ecommerce.INFO: Uspešna prijava {"email":"mitarrebic18@gmail.com","ip":"::1"} []
[2026-07-21T22:01:34.213131+00:00] ecommerce.INFO: Uspešna prijava {"email":"peraperic11@gmail.com","ip":"::1"} []
[2026-07-21T22:02:23.286011+00:00] ecommerce.INFO: Uspešna prijava {"email":"mitarrebic18@gmail.com","ip":"::1"} []
[2026-07-21T22:02:34.737103+00:00] ecommerce.INFO: Uspešna prijava {"email":"peraperic11@gmail.com","ip":"::1"} []
[2026-07-21T22:02:54.253347+00:00] ecommerce.INFO: Uspešna prijava {"email":"mitarrebic18@gmail.com","ip":"::1"} []
[2026-07-21T22:03:13.365606+00:00] ecommerce.INFO: Uspešna prijava {"email":"mitarrebic18@gmail.com","ip":"::1"} []
[2026-07-21T22:03:20.712227+00:00] ecommerce.INFO: Uspešna prijava {"email":"peraperic11@gmail.com","ip":"::1"} []
[2026-07-21T22:03:43.946217+00:00] ecommerce.INFO: Uspešna prijava {"email":"mitarrebic18@gmail.com","ip":"::1"} []
[2026-07-21T22:05:18.138717+00:00] ecommerce.INFO: Uspešna prijava {"email":"mitarrebic18@gmail.com","ip":"::1"} []
[2026-07-21T22:05:27.483159+00:00] ecommerce.INFO: Uspešna prijava {"email":"peraperic11@gmail.com","ip":"::1"} []
[2026-07-21T22:05:41.281024+00:00] ecommerce.INFO: Uspešna prijava {"email":"mitarrebic18@gmail.com","ip":"::1"} []
[2026-07-21T22:05:59.330332+00:00] ecommerce.INFO: Uspešna prijava {"email":"peraperic11@gmail.com","ip":"::1"} []
[2026-07-21T22:15:07.735148+00:00] ecommerce.INFO: Uspešna prijava {"email":"peraperic11@gmail.com","ip":"::1"} []
[2026-07-21T22:15:58.825250+00:00] ecommerce.INFO: Uspešna prijava {"email":"peraperic11@gmail.com","ip":"::1"} []
[2026-07-21T22:16:35.676125+00:00] ecommerce.INFO: Uspešna prijava {"email":"mitarrebic18@gmail.com","ip":"::1"} []
[2026-07-21T22:16:59.291557+00:00] ecommerce.INFO: Uspešna prijava {"email":"mitarrebic18@gmail.com","ip":"::1"} []
[2026-07-21T22:17:34.087847+00:00] ecommerce.INFO: Uspešna prijava {"email":"peraperic11@gmail.com","ip":"::1"} []
[2026-07-21T22:17:51.284608+00:00] ecommerce.INFO: Uspešna prijava {"email":"mitarrebic18@gmail.com","ip":"::1"} []
[2026-07-21T22:18:06.972907+00:00] ecommerce.INFO: Uspešna prijava {"email":"mitarrebic18@gmail.com","ip":"::1"} []
[2026-07-21T22:18:12.531810+00:00] ecommerce.INFO: Uspešna prijava {"email":"peraperic11@gmail.com","ip":"::1"} []
[2026-07-22T13:08:14.222620+00:00] ecommerce.INFO: Uspešna prijava {"email":"peraperic11@gmail.com","ip":"::1"} []
[2026-07-22T13:08:54.408538+00:00] ecommerce.INFO: Uspešna prijava {"email":"mitarrebic18@gmail.com","ip":"::1"} []
[2026-07-22T13:09:26.451100+00:00] ecommerce.INFO: Uspešna prijava {"email":"peraperic11@gmail.com","ip":"::1"} []
[2026-07-22T13:09:43.511173+00:00] ecommerce.INFO: Uspešna prijava {"email":"mitarrebic18@gmail.com","ip":"::1"} []
[2026-07-22T13:09:56.048794+00:00] ecommerce.INFO: Uspešna prijava {"email":"peraperic11@gmail.com","ip":"::1"} []
[2026-07-22T13:10:26.349766+00:00] ecommerce.INFO: Uspešna prijava {"email":"mitarrebic18@gmail.com","ip":"::1"} []
[2026-07-22T13:10:45.849504+00:00] ecommerce.INFO: Uspešna prijava {"email":"mitarrebic18@gmail.com","ip":"::1"} []
[2026-07-22T14:56:53.796239+00:00] ecommerce.INFO: Uspešna prijava {"email":"mitarrebic18@gmail.com","ip":"::1"} []
[2026-07-22T16:39:54.279636+00:00] ecommerce.INFO: Uspešna prijava {"email":"mitarrebic18@gmail.com","ip":"::1"} []
[2026-07-22T17:25:47.040234+00:00] ecommerce.INFO: Uspešna prijava {"email":"mitarrebic18@gmail.com","ip":"::1"} []
[2026-07-22T17:25:55.757846+00:00] ecommerce.INFO: Uspešna prijava {"email":"peraperic11@gmail.com","ip":"::1"} []
[2026-07-22T17:26:11.857151+00:00] ecommerce.INFO: Uspešna prijava {"email":"mitarrebic18@gmail.com","ip":"::1"} []
[2026-07-22T17:56:27.807978+00:00] ecommerce.INFO: Uspešna prijava {"email":"mitarrebic18@gmail.com","ip":"::1"} []
[2026-07-22T17:56:41.374780+00:00] ecommerce.INFO: Uspešna prijava {"email":"peraperic11@gmail.com","ip":"::1"} []
[2026-07-22T23:25:41.409500+00:00] ecommerce.INFO: Uspešna prijava {"email":"mitarrebic18@gmail.com","ip":"::1"} []
[2026-07-22T23:27:49.157980+00:00] ecommerce.INFO: Uspešna prijava {"email":"mitarrebic18@gmail.com","ip":"::1"} []
[2026-07-22T23:45:08.238617+00:00] ecommerce.INFO: Uspešna prijava {"email":"mitarrebic18@gmail.com","ip":"::1"} []
[2026-07-22T23:45:52.223786+00:00] ecommerce.INFO: Uspešna prijava {"email":"peraperic11@gmail.com","ip":"::1"} []
[2026-07-22T23:49:12.141817+00:00] ecommerce.INFO: Uspešna prijava {"email":"peraperic11@gmail.com","ip":"::1"} []
[2026-07-22T23:52:24.069370+00:00] ecommerce.INFO: Uspešna prijava {"email":"peraperic11@gmail.com","ip":"::1"} []
[2026-07-23T00:05:37.282756+00:00] ecommerce.INFO: Uspešna prijava {"email":"peraperic11@gmail.com","ip":"::1"} []
[2026-07-23T00:08:07.722227+00:00] ecommerce.INFO: Uspešna prijava {"email":"mitarrebic18@gmail.com","ip":"::1"} []
[2026-07-23T13:17:02.311023+00:00] ecommerce.INFO: Uspešna prijava {"email":"mitarrebic18@gmail.com","ip":"::1"} []
[2026-07-23T15:19:34.463811+00:00] ecommerce.INFO: Uspešna prijava {"email":"mitarrebic18@gmail.com","ip":"::1"} []
[2026-07-23T15:39:23.193101+00:00] ecommerce.INFO: Uspešna prijava {"email":"peraperic11@gmail.com","ip":"::1"} []
[2026-07-23T15:50:45.053129+00:00] ecommerce.INFO: Uspešna prijava {"email":"mitarrebic18@gmail.com","ip":"::1"} []
[2026-07-23T21:43:36.450977+00:00] ecommerce.INFO: Uspešna prijava {"email":"mitarrebic18@gmail.com","ip":"::1"} []
[2026-07-23T22:40:20.870870+00:00] ecommerce.INFO: Uspešna prijava {"email":"mitarrebic18@gmail.com","ip":"::1"} []
[2026-07-23T22:40:38.967837+00:00] ecommerce.INFO: Uspešna prijava {"email":"peraperic11@gmail.com","ip":"::1"} []
[2026-07-23T22:44:41.224887+00:00] ecommerce.INFO: Uspešna prijava {"email":"peraperic11@gmail.com","ip":"::1"} []
[2026-07-23T23:01:58.802692+00:00] ecommerce.INFO: Uspešna prijava {"email":"peraperic11@gmail.com","ip":"::1"} []
[2026-07-23T23:02:48.446979+00:00] ecommerce.INFO: Uspešna prijava {"email":"mitarrebic18@gmail.com","ip":"::1"} []
[2026-07-23T23:03:13.605611+00:00] ecommerce.INFO: Uspešna prijava {"email":"mitarrebic18@gmail.com","ip":"::1"} []
[2026-07-23T23:03:42.018582+00:00] ecommerce.INFO: Uspešna prijava {"email":"mitarrebic18@gmail.com","ip":"::1"} []
[2026-07-23T23:04:03.006847+00:00] ecommerce.INFO: Uspešna prijava {"email":"peraperic11@gmail.com","ip":"::1"} []
[2026-07-23T23:06:11.690717+00:00] ecommerce.INFO: Uspešna prijava {"email":"mitarrebic18@gmail.com","ip":"::1"} []
[2026-07-23T23:25:54.207401+00:00] ecommerce.INFO: Uspešna prijava {"email":"mitarrebic18@gmail.com","ip":"::1"} []
[2026-07-23T23:26:05.869521+00:00] ecommerce.INFO: Uspešna prijava {"email":"mitarrebic18@gmail.com","ip":"::1"} []
[2026-07-23T23:26:13.463726+00:00] ecommerce.INFO: Uspešna prijava {"email":"mitarrebic18@gmail.com","ip":"::1"} []
[2026-07-23T23:26:17.050418+00:00] ecommerce.INFO: Uspešna prijava {"email":"peraperic11@gmail.com","ip":"::1"} []
[2026-07-23T23:26:28.597232+00:00] ecommerce.INFO: Uspešna prijava {"email":"mitarrebic18@gmail.com","ip":"::1"} []
[2026-07-23T23:26:33.045303+00:00] ecommerce.INFO: Uspešna prijava {"email":"mitarrebic18@gmail.com","ip":"::1"} []
[2026-07-23T23:26:37.784195+00:00] ecommerce.INFO: Uspešna prijava {"email":"peraperic11@gmail.com","ip":"::1"} []
[2026-07-23T23:41:10.380669+00:00] ecommerce.INFO: Uspešna prijava {"email":"mitarrebic18@gmail.com","ip":"::1"} []
[2026-07-23T23:41:43.224310+00:00] ecommerce.INFO: Uspešna prijava {"email":"mitarrebic18@gmail.com","ip":"::1"} []
[2026-07-23T23:41:51.056478+00:00] ecommerce.INFO: Uspešna prijava {"email":"peraperic11@gmail.com","ip":"::1"} []
[2026-07-23T23:42:13.687368+00:00] ecommerce.INFO: Uspešna prijava {"email":"mitarrebic18@gmail.com","ip":"::1"} []
[2026-07-23T23:42:24.829234+00:00] ecommerce.INFO: Uspešna prijava {"email":"mitarrebic18@gmail.com","ip":"::1"} []
[2026-07-23T23:42:29.101535+00:00] ecommerce.INFO: Uspešna prijava {"email":"peraperic11@gmail.com","ip":"::1"} []
[2026-07-23T23:42:45.270283+00:00] ecommerce.INFO: Uspešna prijava {"email":"mitarrebic18@gmail.com","ip":"::1"} []
[2026-07-23T23:43:10.015647+00:00] ecommerce.INFO: Uspešna prijava {"email":"mitarrebic18@gmail.com","ip":"::1"} []
[2026-07-23T23:43:26.455060+00:00] ecommerce.INFO: Uspešna prijava {"email":"peraperic11@gmail.com","ip":"::1"} []
[2026-07-24T12:38:18.835257+00:00] ecommerce.INFO: Uspešna prijava {"email":"mitarrebic18@gmail.com","ip":"::1"} []
[2026-07-24T12:38:59.099769+00:00] ecommerce.INFO: Uspešna prijava {"email":"mitarrebic18@gmail.com","ip":"::1"} []
[2026-07-24T12:39:14.154194+00:00] ecommerce.INFO: Uspešna prijava {"email":"peraperic11@gmail.com","ip":"::1"} []
[2026-07-24T12:40:38.929976+00:00] ecommerce.INFO: Uspešna prijava {"email":"peraperic11@gmail.com","ip":"::1"} []
[2026-07-24T12:41:03.837157+00:00] ecommerce.INFO: Uspešna prijava {"email":"mitarrebic18@gmail.com","ip":"::1"} []
[2026-07-24T12:49:56.957367+00:00] ecommerce.INFO: Uspešna prijava {"email":"mitarrebic18@gmail.com","ip":"::1"} []
[2026-07-24T12:50:07.803259+00:00] ecommerce.INFO: Uspešna prijava {"email":"peraperic11@gmail.com","ip":"::1"} []
[2026-07-24T12:51:08.435683+00:00] ecommerce.INFO: Uspešna prijava {"email":"mitarrebic18@gmail.com","ip":"::1"} []
[2026-07-24T12:51:40.577239+00:00] ecommerce.INFO: Uspešna prijava {"email":"peraperic11@gmail.com","ip":"::1"} []
[2026-07-24T12:55:24.223714+00:00] ecommerce.INFO: Uspešna prijava {"email":"mitarrebic18@gmail.com","ip":"::1"} []
[2026-07-24T12:55:29.278660+00:00] ecommerce.INFO: Uspešna prijava {"email":"peraperic11@gmail.com","ip":"::1"} []
[2026-07-24T12:56:35.140395+00:00] ecommerce.INFO: Uspešna prijava {"email":"mitarrebic18@gmail.com","ip":"::1"} []
[2026-07-24T12:56:48.360607+00:00] ecommerce.INFO: Uspešna prijava {"email":"peraperic11@gmail.com","ip":"::1"} []
[2026-07-24T12:57:22.718030+00:00] ecommerce.INFO: Uspešna prijava {"email":"peraperic11@gmail.com","ip":"::1"} []
[2026-07-24T12:58:02.384067+00:00] ecommerce.INFO: Uspešna prijava {"email":"mitarrebic18@gmail.com","ip":"::1"} []
[2026-07-24T20:15:12.003914+00:00] ecommerce.INFO: Uspešna prijava {"email":"mitarrebic18@gmail.com","ip":"::1"} []
[2026-07-24T20:25:22.548217+00:00] ecommerce.INFO: Uspešna prijava {"email":"mitarrebic18@gmail.com","ip":"::1"} []
[2026-07-24T20:27:34.400693+00:00] ecommerce.INFO: Uspešna prijava {"email":"mitarrebic18@gmail.com","ip":"::1"} []
[2026-07-24T20:31:13.313477+00:00] ecommerce.INFO: Uspešna prijava {"email":"mitarrebic18@gmail.com","ip":"::1"} []
[2026-07-24T20:41:37.203055+00:00] ecommerce.INFO: Uspešna prijava {"email":"mitarrebic18@gmail.com","ip":"::1"} []
[2026-07-24T20:46:47.817114+00:00] ecommerce.INFO: Uspešna prijava {"email":"mitarrebic18@gmail.com","ip":"::1"} []
[2026-07-24T20:55:07.471556+00:00] ecommerce.INFO: Uspešna prijava {"email":"peraperic11@gmail.com","ip":"::1"} []
[2026-07-24T21:18:26.695261+00:00] ecommerce.INFO: Uspešna prijava {"email":"mitarrebic18@gmail.com","ip":"::1"} []
[2026-07-24T21:18:32.819136+00:00] ecommerce.INFO: Uspešna prijava {"email":"peraperic11@gmail.com","ip":"::1"} []
[2026-07-24T21:47:33.492344+00:00] ecommerce.INFO: Uspešna prijava {"email":"peraperic11@gmail.com","ip":"::1"} []
[2026-07-24T23:14:16.316364+00:00] ecommerce.INFO: Uspešna prijava {"email":"peraperic11@gmail.com","ip":"::1"} []
[2026-07-24T23:14:23.174782+00:00] ecommerce.INFO: Uspešna prijava {"email":"mitarrebic18@gmail.com","ip":"::1"} []
[2026-07-24T23:14:31.780371+00:00] ecommerce.INFO: Uspešna prijava {"email":"peraperic11@gmail.com","ip":"::1"} []
[2026-07-24T23:14:39.954640+00:00] ecommerce.INFO: Uspešna prijava {"email":"peraperic11@gmail.com","ip":"::1"} []
[2026-07-24T23:15:09.022919+00:00] ecommerce.INFO: Uspešna prijava {"email":"peraperic11@gmail.com","ip":"::1"} []
[2026-07-24T23:16:38.863048+00:00] ecommerce.INFO: Uspešna prijava {"email":"peraperic11@gmail.com","ip":"::1"} []
[2026-07-24T23:20:01.785192+00:00] ecommerce.INFO: Uspešna prijava {"email":"peraperic11@gmail.com","ip":"::1"} []
[2026-07-24T23:20:06.752862+00:00] ecommerce.INFO: Uspešna prijava {"email":"mitarrebic18@gmail.com","ip":"::1"} []
[2026-07-24T23:20:35.318130+00:00] ecommerce.INFO: Uspešna prijava {"email":"peraperic11@gmail.com","ip":"::1"} []
[2026-07-24T23:41:23.345647+00:00] ecommerce.INFO: Uspešna prijava {"email":"mitarrebic18@gmail.com","ip":"::1"} []
[2026-07-24T23:41:48.275213+00:00] ecommerce.INFO: Uspešna prijava {"email":"mitarrebic18@gmail.com","ip":"::1"} []
[2026-07-24T23:41:56.165617+00:00] ecommerce.INFO: Uspešna prijava {"email":"peraperic11@gmail.com","ip":"::1"} []
[2026-07-25T22:14:04.480231+00:00] ecommerce.INFO: Uspešna prijava {"email":"peraperic11@gmail.com","ip":"::1"} []
[2026-07-25T22:16:37.260853+00:00] ecommerce.INFO: Uspešna prijava {"email":"peraperic11@gmail.com","ip":"::1"} []
[2026-07-25T22:16:41.044351+00:00] ecommerce.INFO: Uspešna prijava {"email":"mitarrebic18@gmail.com","ip":"::1"} []
[2026-07-25T22:17:09.106789+00:00] ecommerce.INFO: Uspešna prijava {"email":"mitarrebic18@gmail.com","ip":"::1"} []
[2026-07-25T22:17:17.093378+00:00] ecommerce.INFO: Uspešna prijava {"email":"peraperic11@gmail.com","ip":"::1"} []
[2026-07-25T22:17:23.697954+00:00] ecommerce.INFO: Uspešna prijava {"email":"mitarrebic18@gmail.com","ip":"::1"} []
[2026-07-25T22:18:05.564540+00:00] ecommerce.INFO: Uspešna prijava {"email":"peraperic11@gmail.com","ip":"::1"} []
[2026-07-25T22:36:24.162293+00:00] ecommerce.INFO: Uspešna prijava {"email":"mitarrebic18@gmail.com","ip":"::1"} []
[2026-07-25T22:38:46.038955+00:00] ecommerce.INFO: Uspešna prijava {"email":"peraperic11@gmail.com","ip":"::1"} []
[2026-07-25T22:49:45.664902+00:00] ecommerce.INFO: Uspešna prijava {"email":"mitarrebic18@gmail.com","ip":"::1"} []
[2026-07-25T22:50:43.976315+00:00] ecommerce.INFO: Uspešna prijava {"email":"mitarrebic18@gmail.com","ip":"::1"} []
[2026-07-25T22:50:55.161849+00:00] ecommerce.INFO: Uspešna prijava {"email":"peraperic11@gmail.com","ip":"::1"} []
[2026-07-25T22:52:49.834865+00:00] ecommerce.INFO: Uspešna prijava {"email":"mitarrebic18@gmail.com","ip":"::1"} []
[2026-07-25T22:53:00.685887+00:00] ecommerce.INFO: Uspešna prijava {"email":"mitarrebic18@gmail.com","ip":"::1"} []
[2026-07-25T22:53:48.448135+00:00] ecommerce.INFO: Uspešna prijava {"email":"mitarrebic18@gmail.com","ip":"::1"} []
[2026-07-25T22:53:55.572025+00:00] ecommerce.INFO: Uspešna prijava {"email":"peraperic11@gmail.com","ip":"::1"} []
[2026-07-25T22:54:38.452211+00:00] ecommerce.INFO: Uspešna prijava {"email":"peraperic11@gmail.com","ip":"::1"} []
[2026-07-25T22:56:10.008885+00:00] ecommerce.INFO: Uspešna prijava {"email":"peraperic11@gmail.com","ip":"::1"} []
[2026-07-25T22:56:18.552784+00:00] ecommerce.INFO: Uspešna prijava {"email":"mitarrebic18@gmail.com","ip":"::1"} []
[2026-07-25T23:02:53.079712+00:00] ecommerce.INFO: Uspešna prijava {"email":"peraperic11@gmail.com","ip":"::1"} []
[2026-07-26T14:36:10.887958+00:00] ecommerce.INFO: Uspešna prijava {"email":"mitarrebic18@gmail.com","ip":"::1"} []
[2026-07-26T14:36:19.986208+00:00] ecommerce.INFO: Uspešna prijava {"email":"mitarrebic18@gmail.com","ip":"::1"} []
[2026-07-26T14:36:46.801292+00:00] ecommerce.INFO: Uspešna prijava {"email":"mitarrebic18@gmail.com","ip":"::1"} []
[2026-07-26T14:36:56.961253+00:00] ecommerce.INFO: Uspešna prijava {"email":"peraperic11@gmail.com","ip":"::1"} []
[2026-07-26T14:39:55.671430+00:00] ecommerce.INFO: Uspešna prijava {"email":"mitarrebic18@gmail.com","ip":"::1"} []
[2026-07-26T14:45:18.664451+00:00] ecommerce.INFO: Uspešna prijava {"email":"mitarrebic18@gmail.com","ip":"::1"} []
[2026-07-26T14:45:27.134089+00:00] ecommerce.INFO: Uspešna prijava {"email":"peraperic11@gmail.com","ip":"::1"} []
[2026-07-26T14:48:30.246168+00:00] ecommerce.INFO: Uspešna prijava {"email":"mitarrebic18@gmail.com","ip":"::1"} []
[2026-07-26T14:48:34.863688+00:00] ecommerce.INFO: Uspešna prijava {"email":"peraperic11@gmail.com","ip":"::1"} []
[2026-07-26T14:50:13.370353+00:00] ecommerce.INFO: Uspešna prijava {"email":"mitarrebic18@gmail.com","ip":"::1"} []
[2026-07-26T14:50:19.147409+00:00] ecommerce.INFO: Uspešna prijava {"email":"peraperic11@gmail.com","ip":"::1"} []
[2026-07-26T15:02:49.361985+00:00] ecommerce.INFO: Uspešna prijava {"email":"mitarrebic18@gmail.com","ip":"::1"} []
[2026-07-26T15:03:29.295609+00:00] ecommerce.INFO: Uspešna prijava {"email":"mitarrebic18@gmail.com","ip":"::1"} []
[2026-07-26T15:04:34.107164+00:00] ecommerce.INFO: Uspešna prijava {"email":"mitarrebic18@gmail.com","ip":"::1"} []
[2026-07-26T15:04:46.780784+00:00] ecommerce.INFO: Uspešna prijava {"email":"peraperic11@gmail.com","ip":"::1"} []
[2026-07-26T15:06:36.995709+00:00] ecommerce.INFO: Uspešna prijava {"email":"peraperic11@gmail.com","ip":"::1"} []
[2026-07-26T15:06:58.260395+00:00] ecommerce.INFO: Uspešna prijava {"email":"mitarrebic18@gmail.com","ip":"::1"} []
[2026-07-26T15:08:03.253421+00:00] ecommerce.INFO: Uspešna prijava {"email":"mitarrebic18@gmail.com","ip":"::1"} []
[2026-07-26T15:08:17.138418+00:00] ecommerce.INFO: Uspešna prijava {"email":"peraperic11@gmail.com","ip":"::1"} []
[2026-07-26T15:11:34.507603+00:00] ecommerce.INFO: Uspešna prijava {"email":"peraperic11@gmail.com","ip":"::1"} []
[2026-07-26T15:11:49.892665+00:00] ecommerce.INFO: Uspešna prijava {"email":"mitarrebic18@gmail.com","ip":"::1"} []
[2026-07-26T15:12:51.875097+00:00] ecommerce.INFO: Uspešna prijava {"email":"peraperic11@gmail.com","ip":"::1"} []
[2026-07-26T15:15:29.314587+00:00] ecommerce.INFO: Uspešna prijava {"email":"mitarrebic18@gmail.com","ip":"::1"} []
[2026-07-26T15:15:39.375146+00:00] ecommerce.INFO: Uspešna prijava {"email":"mitarrebic18@gmail.com","ip":"::1"} []
[2026-07-26T15:15:43.250603+00:00] ecommerce.INFO: Uspešna prijava {"email":"peraperic11@gmail.com","ip":"::1"} []
[2026-07-26T15:27:57.602196+00:00] ecommerce.INFO: Uspešna prijava {"email":"peraperic11@gmail.com","ip":"::1"} []
[2026-07-26T16:53:14.844035+00:00] ecommerce.INFO: Uspešna prijava {"email":"mitarrebic18@gmail.com","ip":"::1"} []
[2026-07-26T16:53:33.574607+00:00] ecommerce.INFO: Uspešna prijava {"email":"mitarrebic18@gmail.com","ip":"::1"} []
[2026-07-26T16:54:02.255398+00:00] ecommerce.INFO: Uspešna prijava {"email":"mitarrebic18@gmail.com","ip":"::1"} []
[2026-07-26T16:54:13.656307+00:00] ecommerce.INFO: Uspešna prijava {"email":"peraperic11@gmail.com","ip":"::1"} []
[2026-07-26T16:55:02.972681+00:00] ecommerce.INFO: Uspešna prijava {"email":"mitarrebic18@gmail.com","ip":"::1"} []
[2026-07-26T16:58:29.585074+00:00] ecommerce.INFO: Uspešna prijava {"email":"peraperic11@gmail.com","ip":"::1"} []
[2026-07-26T16:58:44.217918+00:00] ecommerce.INFO: Uspešna prijava {"email":"mitarrebic18@gmail.com","ip":"::1"} []
[2026-07-26T16:59:04.867247+00:00] ecommerce.INFO: Uspešna prijava {"email":"peraperic11@gmail.com","ip":"::1"} []
[2026-07-26T17:01:07.904443+00:00] ecommerce.INFO: Uspešna prijava {"email":"peraperic11@gmail.com","ip":"::1"} []
[2026-07-26T17:01:37.029733+00:00] ecommerce.INFO: Uspešna prijava {"email":"peraperic11@gmail.com","ip":"::1"} []
[2026-07-26T17:01:50.048756+00:00] ecommerce.INFO: Uspešna prijava {"email":"mitarrebic18@gmail.com","ip":"::1"} []
[2026-07-26T17:02:07.500157+00:00] ecommerce.INFO: Uspešna prijava {"email":"peraperic11@gmail.com","ip":"::1"} []
[2026-07-26T17:03:40.128719+00:00] ecommerce.INFO: Uspešna prijava {"email":"peraperic11@gmail.com","ip":"::1"} []
[2026-07-26T17:11:20.070437+00:00] ecommerce.INFO: Uspešna prijava {"email":"mitarrebic18@gmail.com","ip":"::1"} []
[2026-07-26T17:12:05.066173+00:00] ecommerce.INFO: Uspešna prijava {"email":"mitarrebic18@gmail.com","ip":"::1"} []
[2026-07-26T17:13:26.087698+00:00] ecommerce.INFO: Uspešna prijava {"email":"peraperic11@gmail.com","ip":"::1"} []
[2026-07-26T17:13:38.423552+00:00] ecommerce.INFO: Uspešna prijava {"email":"mitarrebic18@gmail.com","ip":"::1"} []
[2026-07-26T17:14:19.333279+00:00] ecommerce.INFO: Uspešna prijava {"email":"mitarrebic18@gmail.com","ip":"::1"} []
[2026-07-26T17:14:25.052921+00:00] ecommerce.INFO: Uspešna prijava {"email":"peraperic11@gmail.com","ip":"::1"} []
[2026-07-26T17:14:56.783339+00:00] ecommerce.INFO: Uspešna prijava {"email":"mitarrebic18@gmail.com","ip":"::1"} []
[2026-07-26T17:19:21.066508+00:00] ecommerce.INFO: Uspešna prijava {"email":"peraperic11@gmail.com","ip":"::1"} []
[2026-07-26T17:19:32.960480+00:00] ecommerce.INFO: Uspešna prijava {"email":"mitarrebic18@gmail.com","ip":"::1"} []
[2026-07-26T17:32:51.557105+00:00] ecommerce.INFO: Uspešna prijava {"email":"mitarrebic18@gmail.com","ip":"::1"} []
[2026-07-26T17:35:14.825614+00:00] ecommerce.INFO: Uspešna prijava {"email":"mitarrebic18@gmail.com","ip":"::1"} []
[2026-07-26T17:39:22.739992+00:00] ecommerce.INFO: Uspešna prijava {"email":"peraperic11@gmail.com","ip":"::1"} []
[2026-07-26T17:39:45.495157+00:00] ecommerce.INFO: Uspešna prijava {"email":"mitarrebic18@gmail.com","ip":"::1"} []
[2026-07-26T17:40:49.918449+00:00] ecommerce.INFO: Uspešna prijava {"email":"peraperic11@gmail.com","ip":"::1"} []
[2026-07-26T17:42:24.354415+00:00] ecommerce.INFO: Uspešna prijava {"email":"mitarrebic18@gmail.com","ip":"::1"} []
[2026-07-26T17:43:03.487287+00:00] ecommerce.INFO: Uspešna prijava {"email":"mitarrebic18@gmail.com","ip":"::1"} []
[2026-07-26T17:45:10.904370+00:00] ecommerce.INFO: Uspešna prijava {"email":"peraperic11@gmail.com","ip":"::1"} []
[2026-07-26T17:46:47.945990+00:00] ecommerce.INFO: Uspešna prijava {"email":"mitarrebic18@gmail.com","ip":"::1"} []
[2026-07-26T17:47:09.728419+00:00] ecommerce.INFO: Uspešna prijava {"email":"mitarrebic18@gmail.com","ip":"::1"} []
[2026-07-26T17:47:24.893043+00:00] ecommerce.INFO: Uspešna prijava {"email":"peraperic11@gmail.com","ip":"::1"} []
[2026-07-26T18:00:29.043747+00:00] ecommerce.INFO: Uspešna prijava {"email":"mitarrebic18@gmail.com","ip":"::1"} []
[2026-07-26T20:11:14.238439+00:00] ecommerce.INFO: Uspešna prijava {"email":"mitarrebic18@gmail.com","ip":"::1"} []
[2026-07-26T20:11:30.773842+00:00] ecommerce.INFO: Uspešna prijava {"email":"peraperic11@gmail.com","ip":"::1"} []
[2026-07-26T20:13:06.953842+00:00] ecommerce.INFO: Uspešna prijava {"email":"mitarrebic18@gmail.com","ip":"::1"} []
[2026-07-26T20:13:35.422330+00:00] ecommerce.INFO: Uspešna prijava {"email":"peraperic11@gmail.com","ip":"::1"} []
[2026-07-26T20:55:13.531052+00:00] ecommerce.INFO: Uspešna prijava {"email":"mitarrebic18@gmail.com","ip":"::1"} []
[2026-07-26T20:55:44.061621+00:00] ecommerce.INFO: Uspešna prijava {"email":"mitarrebic18@gmail.com","ip":"::1"} []
[2026-07-26T20:56:31.209697+00:00] ecommerce.INFO: Uspešna prijava {"email":"peraperic11@gmail.com","ip":"::1"} []
[2026-07-26T21:00:01.328075+00:00] ecommerce.INFO: Uspešna prijava {"email":"mitarrebic18@gmail.com","ip":"::1"} []
[2026-07-26T21:02:23.557469+00:00] ecommerce.INFO: Uspešna prijava {"email":"mitarrebic18@gmail.com","ip":"::1"} []
[2026-07-26T21:05:38.669124+00:00] ecommerce.INFO: Uspešna prijava {"email":"mitarrebic18@gmail.com","ip":"::1"} []
[2026-07-26T21:06:35.871735+00:00] ecommerce.INFO: Uspešna prijava {"email":"mitarrebic18@gmail.com","ip":"::1"} []
[2026-07-26T21:06:55.832111+00:00] ecommerce.INFO: Uspešna prijava {"email":"mitarrebic18@gmail.com","ip":"::1"} []
[2026-07-26T21:09:01.515401+00:00] ecommerce.INFO: Uspešna prijava {"email":"mitarrebic18@gmail.com","ip":"::1"} []
[2026-07-26T21:09:08.901596+00:00] ecommerce.INFO: Uspešna prijava {"email":"mitarrebic18@gmail.com","ip":"::1"} []
[2026-07-26T21:14:18.889220+00:00] ecommerce.INFO: Uspešna prijava {"email":"mitarrebic18@gmail.com","ip":"::1"} []
[2026-07-26T21:15:11.893774+00:00] ecommerce.INFO: Uspešna prijava {"email":"mitarrebic18@gmail.com","ip":"::1"} []
[2026-07-26T21:15:16.683908+00:00] ecommerce.INFO: Uspešna prijava {"email":"peraperic11@gmail.com","ip":"::1"} []
[2026-07-26T21:17:32.407843+00:00] ecommerce.INFO: Uspešna prijava {"email":"mitarrebic18@gmail.com","ip":"::1"} []
[2026-07-26T21:18:01.890797+00:00] ecommerce.INFO: Uspešna prijava {"email":"peraperic11@gmail.com","ip":"::1"} []
[2026-07-26T21:18:11.743630+00:00] ecommerce.INFO: Uspešna prijava {"email":"mitarrebic18@gmail.com","ip":"::1"} []
[2026-07-26T21:18:25.538114+00:00] ecommerce.INFO: Uspešna prijava {"email":"peraperic11@gmail.com","ip":"::1"} []
[2026-07-26T21:19:57.602502+00:00] ecommerce.INFO: Uspešna prijava {"email":"mitarrebic18@gmail.com","ip":"::1"} []
[2026-07-26T21:20:07.067241+00:00] ecommerce.INFO: Uspešna prijava {"email":"peraperic11@gmail.com","ip":"::1"} []
[2026-07-26T21:20:51.368550+00:00] ecommerce.INFO: Uspešna prijava {"email":"mitarrebic18@gmail.com","ip":"::1"} []
[2026-07-26T21:20:57.083012+00:00] ecommerce.INFO: Uspešna prijava {"email":"peraperic11@gmail.com","ip":"::1"} []
[2026-07-26T21:21:26.866483+00:00] ecommerce.INFO: Uspešna prijava {"email":"peraperic11@gmail.com","ip":"::1"} []
[2026-07-26T21:21:46.033887+00:00] ecommerce.INFO: Uspešna prijava {"email":"peraperic11@gmail.com","ip":"::1"} []
[2026-07-26T21:22:33.132058+00:00] ecommerce.INFO: Uspešna prijava {"email":"mitarrebic18@gmail.com","ip":"::1"} []
[2026-07-28T15:08:35.139810+00:00] ecommerce.INFO: Uspešna prijava {"email":"mitarrebic18@gmail.com","ip":"::1"} []
[2026-07-28T15:08:55.108145+00:00] ecommerce.INFO: Uspešna prijava {"email":"mitarrebic18@gmail.com","ip":"::1"} []
[2026-07-28T15:09:02.912705+00:00] ecommerce.INFO: Uspešna prijava {"email":"peraperic11@gmail.com","ip":"::1"} []
[2026-07-28T15:09:27.383987+00:00] ecommerce.INFO: Uspešna prijava {"email":"mitarrebic18@gmail.com","ip":"::1"} []
[2026-07-28T15:09:53.424958+00:00] ecommerce.INFO: Uspešna prijava {"email":"mitarrebic18@gmail.com","ip":"::1"} []
[2026-07-28T15:09:59.089133+00:00] ecommerce.INFO: Uspešna prijava {"email":"peraperic11@gmail.com","ip":"::1"} []
[2026-07-28T15:10:43.781254+00:00] ecommerce.INFO: Uspešna prijava {"email":"peraperic11@gmail.com","ip":"::1"} []
[2026-07-28T15:11:12.283801+00:00] ecommerce.INFO: Uspešna prijava {"email":"peraperic11@gmail.com","ip":"::1"} []
[2026-07-28T15:11:42.580034+00:00] ecommerce.INFO: Uspešna prijava {"email":"mitarrebic18@gmail.com","ip":"::1"} []
[2026-07-28T15:11:47.164985+00:00] ecommerce.INFO: Uspešna prijava {"email":"peraperic11@gmail.com","ip":"::1"} []
[2026-07-28T15:14:53.060711+00:00] ecommerce.INFO: Uspešna prijava {"email":"peraperic11@gmail.com","ip":"::1"} []
[2026-07-28T15:55:26.665176+00:00] ecommerce.INFO: Uspešna prijava {"email":"peraperic11@gmail.com","ip":"::1"} []
[2026-07-28T16:14:43.330430+00:00] ecommerce.INFO: Uspešna prijava {"email":"mitarrebic18@gmail.com","ip":"::1"} []
[2026-07-28T16:15:27.281098+00:00] ecommerce.INFO: Uspešna prijava {"email":"mitarrebic18@gmail.com","ip":"::1"} []
[2026-07-28T16:15:48.317977+00:00] ecommerce.INFO: Uspešna prijava {"email":"peraperic11@gmail.com","ip":"::1"} []
[2026-07-28T16:16:42.898003+00:00] ecommerce.INFO: Uspešna prijava {"email":"peraperic11@gmail.com","ip":"::1"} []
[2026-07-28T16:17:09.137493+00:00] ecommerce.INFO: Uspešna prijava {"email":"peraperic11@gmail.com","ip":"::1"} []
[2026-07-28T16:21:01.758354+00:00] ecommerce.INFO: Uspešna prijava {"email":"mitarrebic18@gmail.com","ip":"::1"} []
[2026-07-28T16:21:58.238056+00:00] ecommerce.INFO: Uspešna prijava {"email":"peraperic11@gmail.com","ip":"::1"} []
[2026-07-28T23:32:56.287860+00:00] ecommerce.INFO: Uspešna prijava {"email":"peraperic11@gmail.com","ip":"::1"} []
[2026-07-28T23:33:09.643645+00:00] ecommerce.INFO: Uspešna prijava {"email":"mitarrebic18@gmail.com","ip":"::1"} []
[2026-07-28T23:34:02.922312+00:00] ecommerce.INFO: Uspešna prijava {"email":"mitarrebic18@gmail.com","ip":"::1"} []
[2026-07-28T23:34:14.507080+00:00] ecommerce.INFO: Uspešna prijava {"email":"peraperic11@gmail.com","ip":"::1"} []
[2026-07-28T23:37:27.388806+00:00] ecommerce.INFO: Uspešna prijava {"email":"mitarrebic18@gmail.com","ip":"::1"} []
[2026-07-28T23:37:53.108202+00:00] ecommerce.INFO: Uspešna prijava {"email":"peraperic11@gmail.com","ip":"::1"} []
[2026-07-28T23:45:52.228852+00:00] ecommerce.INFO: Uspešna prijava {"email":"peraperic11@gmail.com","ip":"::1"} []
[2026-07-28T23:53:03.216005+00:00] ecommerce.INFO: Uspešna prijava {"email":"peraperic11@gmail.com","ip":"::1"} []
[2026-07-28T23:59:05.797865+00:00] ecommerce.INFO: Uspešna prijava {"email":"peraperic11@gmail.com","ip":"::1"} []
[2026-07-29T00:02:00.211530+00:00] ecommerce.INFO: Uspešna prijava {"email":"peraperic11@gmail.com","ip":"::1"} []
[2026-07-29T00:02:31.330891+00:00] ecommerce.INFO: Uspešna prijava {"email":"peraperic11@gmail.com","ip":"::1"} []
[2026-07-29T00:06:14.644319+00:00] ecommerce.INFO: Uspešna prijava {"email":"mitarrebic18@gmail.com","ip":"::1"} []
[2026-07-29T00:06:34.110043+00:00] ecommerce.INFO: Uspešna prijava {"email":"mitarrebic18@gmail.com","ip":"::1"} []
[2026-07-29T00:06:46.480625+00:00] ecommerce.INFO: Uspešna prijava {"email":"peraperic11@gmail.com","ip":"::1"} []
[2026-07-29T00:20:13.554925+00:00] ecommerce.INFO: Uspešna prijava {"email":"peraperic11@gmail.com","ip":"::1"} []
[2026-07-29T00:20:42.005862+00:00] ecommerce.INFO: Uspešna prijava {"email":"mitarrebic18@gmail.com","ip":"::1"} []
[2026-07-29T00:26:00.277323+00:00] ecommerce.INFO: Uspešna prijava {"email":"mitarrebic18@gmail.com","ip":"::1"} []
[2026-07-29T00:26:42.841489+00:00] ecommerce.INFO: Uspešna prijava {"email":"mitarrebic18@gmail.com","ip":"::1"} []
[2026-07-29T00:27:22.209205+00:00] ecommerce.INFO: Uspešna prijava {"email":"peraperic11@gmail.com","ip":"::1"} []
[2026-07-29T00:27:37.360050+00:00] ecommerce.INFO: Uspešna prijava {"email":"peraperic11@gmail.com","ip":"::1"} []
[2026-07-29T00:27:59.405929+00:00] ecommerce.INFO: Uspešna prijava {"email":"peraperic11@gmail.com","ip":"::1"} []
[2026-07-29T00:29:51.990067+00:00] ecommerce.INFO: Uspešna prijava {"email":"peraperic11@gmail.com","ip":"::1"} []
[2026-07-29T00:31:49.116193+00:00] ecommerce.INFO: Uspešna prijava {"email":"mitarrebic18@gmail.com","ip":"::1"} []
[2026-07-29T00:35:01.218163+00:00] ecommerce.INFO: Uspešna prijava {"email":"peraperic11@gmail.com","ip":"::1"} []
[2026-07-29T00:35:26.967543+00:00] ecommerce.INFO: Uspešna prijava {"email":"mitarrebic18@gmail.com","ip":"::1"} []
[2026-07-29T00:35:45.402890+00:00] ecommerce.INFO: Uspešna prijava {"email":"mitarrebic18@gmail.com","ip":"::1"} []
[2026-07-29T00:38:29.806814+00:00] ecommerce.INFO: Uspešna prijava {"email":"mitarrebic18@gmail.com","ip":"::1"} []
[2026-07-29T00:39:01.554509+00:00] ecommerce.INFO: Uspešna prijava {"email":"peraperic11@gmail.com","ip":"::1"} []
[2026-07-29T00:39:27.840560+00:00] ecommerce.INFO: Uspešna prijava {"email":"peraperic11@gmail.com","ip":"::1"} []
[2026-07-29T00:40:01.498549+00:00] ecommerce.INFO: Uspešna prijava {"email":"peraperic11@gmail.com","ip":"::1"} []
[2026-07-29T00:40:35.657105+00:00] ecommerce.INFO: Uspešna prijava {"email":"peraperic11@gmail.com","ip":"::1"} []
[2026-07-29T00:41:02.194382+00:00] ecommerce.INFO: Uspešna prijava {"email":"peraperic11@gmail.com","ip":"::1"} []
[2026-07-29T00:41:15.460575+00:00] ecommerce.INFO: Uspešna prijava {"email":"peraperic11@gmail.com","ip":"::1"} []
[2026-07-29T00:47:35.436890+00:00] ecommerce.INFO: Uspešna prijava {"email":"peraperic11@gmail.com","ip":"::1"} []
[2026-07-29T00:47:59.754258+00:00] ecommerce.INFO: Uspešna prijava {"email":"peraperic11@gmail.com","ip":"::1"} []
[2026-07-29T00:48:19.173834+00:00] ecommerce.INFO: Uspešna prijava {"email":"mitarrebic18@gmail.com","ip":"::1"} []
[2026-07-29T00:53:32.513196+00:00] ecommerce.INFO: Uspešna prijava {"email":"peraperic11@gmail.com","ip":"::1"} []
[2026-07-29T14:44:51.772238+00:00] ecommerce.INFO: Uspešna prijava {"email":"mitarrebic18@gmail.com","ip":"::1"} []
[2026-07-29T14:45:31.476586+00:00] ecommerce.INFO: Uspešna prijava {"email":"peraperic11@gmail.com","ip":"::1"} []
[2026-07-29T14:48:07.095642+00:00] ecommerce.INFO: Uspešna prijava {"email":"peraperic11@gmail.com","ip":"::1"} []
[2026-07-29T14:51:07.449883+00:00] ecommerce.INFO: Uspešna prijava {"email":"peraperic11@gmail.com","ip":"::1"} []
[2026-07-29T14:55:24.888163+00:00] ecommerce.INFO: Uspešna prijava {"email":"peraperic11@gmail.com","ip":"::1"} []
[2026-07-29T14:58:01.453093+00:00] ecommerce.INFO: Uspešna prijava {"email":"mitarrebic18@gmail.com","ip":"::1"} []
[2026-07-29T14:58:07.083825+00:00] ecommerce.INFO: Uspešna prijava {"email":"peraperic11@gmail.com","ip":"::1"} []
[2026-07-29T15:00:21.487776+00:00] ecommerce.INFO: Uspešna prijava {"email":"mitarrebic18@gmail.com","ip":"::1"} []
[2026-07-29T15:02:11.321549+00:00] ecommerce.INFO: Uspešna prijava {"email":"mitarrebic18@gmail.com","ip":"::1"} []
[2026-07-29T15:06:10.164078+00:00] ecommerce.INFO: Uspešna prijava {"email":"mitarrebic18@gmail.com","ip":"::1"} []
[2026-07-29T15:08:43.832553+00:00] ecommerce.INFO: Uspešna prijava {"email":"mitarrebic18@gmail.com","ip":"::1"} []
[2026-07-29T15:08:52.879784+00:00] ecommerce.INFO: Uspešna prijava {"email":"mitarrebic18@gmail.com","ip":"::1"} []
[2026-07-29T15:09:00.597420+00:00] ecommerce.INFO: Uspešna prijava {"email":"peraperic11@gmail.com","ip":"::1"} []
[2026-07-29T15:10:07.114845+00:00] ecommerce.INFO: Uspešna prijava {"email":"mitarrebic18@gmail.com","ip":"::1"} []
[2026-07-29T15:10:30.788292+00:00] ecommerce.INFO: Uspešna prijava {"email":"mitarrebic18@gmail.com","ip":"::1"} []
[2026-07-29T15:10:42.589495+00:00] ecommerce.INFO: Uspešna prijava {"email":"peraperic11@gmail.com","ip":"::1"} []
[2026-07-29T15:11:17.815286+00:00] ecommerce.INFO: Uspešna prijava {"email":"peraperic11@gmail.com","ip":"::1"} []
[2026-07-29T15:12:03.248708+00:00] ecommerce.INFO: Uspešna prijava {"email":"mitarrebic18@gmail.com","ip":"::1"} []
[2026-07-29T15:13:31.096919+00:00] ecommerce.INFO: Uspešna prijava {"email":"mitarrebic18@gmail.com","ip":"::1"} []
[2026-07-29T15:13:47.219338+00:00] ecommerce.INFO: Uspešna prijava {"email":"peraperic11@gmail.com","ip":"::1"} []
[2026-07-29T15:24:43.102929+00:00] ecommerce.INFO: Uspešna prijava {"email":"mitarrebic18@gmail.com","ip":"::1"} []
[2026-07-29T15:25:00.549628+00:00] ecommerce.INFO: Uspešna prijava {"email":"mitarrebic18@gmail.com","ip":"::1"} []
[2026-07-29T16:17:17.556712+00:00] ecommerce.INFO: Uspešna prijava {"email":"mitarrebic18@gmail.com","ip":"::1"} []
[2026-07-29T16:18:22.158341+00:00] ecommerce.INFO: Uspešna prijava {"email":"mitarrebic18@gmail.com","ip":"::1"} []
[2026-07-29T16:18:29.608826+00:00] ecommerce.INFO: Uspešna prijava {"email":"peraperic11@gmail.com","ip":"::1"} []
[2026-07-29T16:18:51.210152+00:00] ecommerce.INFO: Uspešna prijava {"email":"mitarrebic18@gmail.com","ip":"::1"} []
[2026-07-29T16:18:58.875450+00:00] ecommerce.INFO: Uspešna prijava {"email":"peraperic11@gmail.com","ip":"::1"} []
[2026-07-29T16:20:13.723510+00:00] ecommerce.INFO: Uspešna prijava {"email":"mitarrebic18@gmail.com","ip":"::1"} []
[2026-07-29T16:20:35.220146+00:00] ecommerce.INFO: Uspešna prijava {"email":"mitarrebic18@gmail.com","ip":"::1"} []
[2026-07-29T16:35:28.200662+00:00] ecommerce.INFO: Uspešna prijava {"email":"mitarrebic18@gmail.com","ip":"::1"} []
[2026-07-29T16:35:33.466668+00:00] ecommerce.INFO: Uspešna prijava {"email":"peraperic11@gmail.com","ip":"::1"} []
[2026-07-29T16:38:20.889357+00:00] ecommerce.INFO: Uspešna prijava {"email":"mitarrebic18@gmail.com","ip":"::1"} []
[2026-07-29T16:38:54.355704+00:00] ecommerce.INFO: Uspešna prijava {"email":"mitarrebic18@gmail.com","ip":"::1"} []
[2026-07-29T16:39:03.832125+00:00] ecommerce.INFO: Uspešna prijava {"email":"peraperic11@gmail.com","ip":"::1"} []
[2026-07-29T16:39:50.598167+00:00] ecommerce.INFO: Uspešna prijava {"email":"peraperic11@gmail.com","ip":"::1"} []
[2026-07-29T16:40:09.097632+00:00] ecommerce.INFO: Uspešna prijava {"email":"peraperic11@gmail.com","ip":"::1"} []
[2026-07-29T16:40:31.817494+00:00] ecommerce.INFO: Uspešna prijava {"email":"peraperic11@gmail.com","ip":"::1"} []
[2026-07-29T16:45:54.163849+00:00] ecommerce.INFO: Uspešna prijava {"email":"mitarrebic18@gmail.com","ip":"::1"} []
[2026-07-29T16:46:24.456360+00:00] ecommerce.INFO: Uspešna prijava {"email":"mitarrebic18@gmail.com","ip":"::1"} []
[2026-07-29T16:46:30.178931+00:00] ecommerce.INFO: Uspešna prijava {"email":"peraperic11@gmail.com","ip":"::1"} []
[2026-07-29T16:47:09.092514+00:00] ecommerce.INFO: Uspešna prijava {"email":"peraperic11@gmail.com","ip":"::1"} []
[2026-07-29T16:50:00.212581+00:00] ecommerce.INFO: Uspešna prijava {"email":"mitarrebic18@gmail.com","ip":"::1"} []
[2026-07-29T17:56:49.908869+00:00] ecommerce.INFO: Uspešna prijava {"email":"mitarrebic18@gmail.com","ip":"::1"} []
[2026-07-29T17:58:33.081836+00:00] ecommerce.INFO: Uspešna prijava {"email":"mitarrebic18@gmail.com","ip":"::1"} []
[2026-07-29T17:58:46.126766+00:00] ecommerce.INFO: Uspešna prijava {"email":"peraperic11@gmail.com","ip":"::1"} []
[2026-07-29T17:59:29.016403+00:00] ecommerce.INFO: Uspešna prijava {"email":"mitarrebic18@gmail.com","ip":"::1"} []
[2026-07-31T13:25:54.806255+00:00] ecommerce.INFO: Uspešna prijava {"email":"mitarrebic18@gmail.com","ip":"::1"} []
[2026-07-31T13:54:06.422649+00:00] ecommerce.INFO: Uspešna prijava {"email":"mitarrebic18@gmail.com","ip":"::1"} []
[2026-08-03T14:57:17.188131+00:00] ecommerce.INFO: Uspešna prijava {"email":"mitarrebic18@gmail.com","ip":"::1"} []
[2026-08-03T14:59:50.351067+00:00] ecommerce.INFO: Uspešna prijava {"email":"peraperic11@gmail.com","ip":"::1"} []
[2026-08-03T15:00:24.013457+00:00] ecommerce.INFO: Uspešna prijava {"email":"peraperic11@gmail.com","ip":"::1"} []
[2026-08-03T15:00:53.915359+00:00] ecommerce.INFO: Uspešna prijava {"email":"peraperic11@gmail.com","ip":"::1"} []
